
> mitaan-express@0.0.0 test
> vitest --run


[1m[46m RUN [49m[22m [36mv4.0.18 [39m[90mD:/mitaan/mitaan-express[39m

node.exe : [90mstderr[2m 
| src/services/api.test.js
[2m > 
[22m[2mloginUser[2m > 
[22m[2mhandles 401 JSON 
error
At line:1 char:1
+ & "D:\nodejs/node.exe" "D
:\nodejs/node_modules/npm/b
in/npm-cli.js" te ...
+ ~~~~~~~~~~~~~~~~~~~~~~~~~
~~~~~~~~~~~~~~~~~~~~~~~~~~~
~~~~~~~~~~~~~~~~~
    + CategoryInfo         
     : NotSpecified: ([9  
  0mstderr[2m... 401 JS   
 ON error:String) [], R    
emoteException
    + FullyQualifiedErrorI 
   d : NativeCommandError
 
[22m[39mLogin error: 
Error: Bad creds
    at loginUser (D:/mitaan
/mitaan-express/src/service
s/api.js:56:23)
[90m    at 
processTicksAndRejections (
node:internal/process/task_
queues:103:5)[39m
    at D:/mitaan/mitaan-exp
ress/src/services/api.test.
js:29:9
    at [90mfile:///D:/mita
an/mitaan-express/[39mnode
_modules/[4m@vitest/runner
[24m/dist/index.js:915:20

[90mstderr[2m | src/servi
ces/api.test.js[2m > 
[22m[2mloginUser[2m > 
[22m[2mhandles 500 HTML 
error (non-JSON)
[22m[39mLogin error: 
Error: Login failed: 
Server returned 500 
Internal Server Error
    at loginUser (D:/mitaan
/mitaan-express/src/service
s/api.js:58:23)
[90m    at 
processTicksAndRejections (
node:internal/process/task_
queues:103:5)[39m

 [32mΓ£ô[39m src/services/api.test.js [2m([22m[2m3 tests[22m[2m)[22m[32m 15[2mms[22m[39m
 [32mΓ£ô[39m src/pages/admin/AdminLogin.test.jsx [2m([22m[2m4 tests[22m[2m)[22m[33m 309[2mms[22m[39m
Error: useArticles must be 
used within 
ArticlesProvider
    at useArticles (D:/mita
an/mitaan-express/src/conte
xt/ArticlesContext.jsx:9:15
)
    at HeroSlider (D:/mitaa
n/mitaan-express/src/compon
ents/HeroSlider.jsx:9:35)
    at renderWithHooks (D:\
mitaan\mitaan-express\node_
modules\react-dom\cjs\react
-dom.development.js:15486:1
8)
    at mountIndeterminateCo
mponent (D:\mitaan\mitaan-e
xpress\node_modules\react-d
om\cjs\react-dom.developmen
t.js:20103:13)
    at beginWork (D:\mitaan
\mitaan-express\node_module
s\react-dom\cjs\react-dom.d
evelopment.js:21626:16)
    at HTMLUnknownElement.c
allCallback (D:\mitaan\mita
an-express\node_modules\rea
ct-dom\cjs\react-dom.develo
pment.js:4164:14)
    at HTMLUnknownElement.c
allTheUserObjectsOperation 
(D:\mitaan\mitaan-express\n
ode_modules\jsdom\lib\jsdom
\living\generated\EventList
ener.js:26:30)
    at 
innerInvokeEventListeners (
D:\mitaan\mitaan-express\no
de_modules\jsdom\lib\jsdom\
living\events\EventTarget-i
mpl.js:360:16)
    at 
invokeEventListeners (D:\mi
taan\mitaan-express\node_mo
dules\jsdom\lib\jsdom\livin
g\events\EventTarget-impl.j
s:296:3)
    at HTMLUnknownElementIm
pl._dispatch (D:\mitaan\mit
aan-express\node_modules\js
dom\lib\jsdom\living\events
\EventTarget-impl.js:243:9)
Error: useArticles must be 
used within 
ArticlesProvider
    at useArticles (D:/mita
an/mitaan-express/src/conte
xt/ArticlesContext.jsx:9:15
)
    at HeroSlider (D:/mitaa
n/mitaan-express/src/compon
ents/HeroSlider.jsx:9:35)
    at renderWithHooks (D:\
mitaan\mitaan-express\node_
modules\react-dom\cjs\react
-dom.development.js:15486:1
8)
    at mountIndeterminateCo
mponent (D:\mitaan\mitaan-e
xpress\node_modules\react-d
om\cjs\react-dom.developmen
t.js:20103:13)
    at beginWork (D:\mitaan
\mitaan-express\node_module
s\react-dom\cjs\react-dom.d
evelopment.js:21626:16)
    at HTMLUnknownElement.c
allCallback (D:\mitaan\mita
an-express\node_modules\rea
ct-dom\cjs\react-dom.develo
pment.js:4164:14)
    at HTMLUnknownElement.c
allTheUserObjectsOperation 
(D:\mitaan\mitaan-express\n
ode_modules\jsdom\lib\jsdom
\living\generated\EventList
ener.js:26:30)
    at 
innerInvokeEventListeners (
D:\mitaan\mitaan-express\no
de_modules\jsdom\lib\jsdom\
living\events\EventTarget-i
mpl.js:360:16)
    at 
invokeEventListeners (D:\mi
taan\mitaan-express\node_mo
dules\jsdom\lib\jsdom\livin
g\events\EventTarget-impl.j
s:296:3)
    at HTMLUnknownElementIm
pl._dispatch (D:\mitaan\mit
aan-express\node_modules\js
dom\lib\jsdom\living\events
\EventTarget-impl.js:243:9)
[90mstderr[2m | src/tests
/HeroSlider.test.jsx[2m > 
[22m[2mHeroSlider[2m > 
[22m[2mshows default 
content initially
[22m[39mThe above error 
occurred in the 
<HeroSlider> component:

    at HeroSlider (D:/mitaa
n/mitaan-express/src/compon
ents/HeroSlider.jsx:8:23)
    at Router (file:///D:/m
itaan/mitaan-express/node_m
odules/react-router/dist/de
velopment/chunk-JZWAC4HX.mj
s:6594:13)
    at BrowserRouter (file:
///D:/mitaan/mitaan-express
/node_modules/react-router/
dist/development/chunk-JZWA
C4HX.mjs:9830:3)

Consider adding an error 
boundary to your tree to 
customize error handling 
behavior.
Visit https://reactjs.org/l
ink/error-boundaries to 
learn more about error 
boundaries.

Error: useArticles must be 
used within 
ArticlesProvider
    at useArticles (D:/mita
an/mitaan-express/src/conte
xt/ArticlesContext.jsx:9:15
)
    at HeroSlider (D:/mitaa
n/mitaan-express/src/compon
ents/HeroSlider.jsx:9:35)
    at renderWithHooks (D:\
mitaan\mitaan-express\node_
modules\react-dom\cjs\react
-dom.development.js:15486:1
8)
    at mountIndeterminateCo
mponent (D:\mitaan\mitaan-e
xpress\node_modules\react-d
om\cjs\react-dom.developmen
t.js:20103:13)
    at beginWork (D:\mitaan
\mitaan-express\node_module
s\react-dom\cjs\react-dom.d
evelopment.js:21626:16)
    at HTMLUnknownElement.c
allCallback (D:\mitaan\mita
an-express\node_modules\rea
ct-dom\cjs\react-dom.develo
pment.js:4164:14)
    at HTMLUnknownElement.c
allTheUserObjectsOperation 
(D:\mitaan\mitaan-express\n
ode_modules\jsdom\lib\jsdom
\living\generated\EventList
ener.js:26:30)
    at 
innerInvokeEventListeners (
D:\mitaan\mitaan-express\no
de_modules\jsdom\lib\jsdom\
living\events\EventTarget-i
mpl.js:360:16)
    at 
invokeEventListeners (D:\mi
taan\mitaan-express\node_mo
dules\jsdom\lib\jsdom\livin
g\events\EventTarget-impl.j
s:296:3)
    at HTMLUnknownElementIm
pl._dispatch (D:\mitaan\mit
aan-express\node_modules\js
dom\lib\jsdom\living\events
\EventTarget-impl.js:243:9)
Error: useArticles must be 
used within 
ArticlesProvider
    at useArticles (D:/mita
an/mitaan-express/src/conte
xt/ArticlesContext.jsx:9:15
)
    at HeroSlider (D:/mitaa
n/mitaan-express/src/compon
ents/HeroSlider.jsx:9:35)
    at renderWithHooks (D:\
mitaan\mitaan-express\node_
modules\react-dom\cjs\react
-dom.development.js:15486:1
8)
    at mountIndeterminateCo
mponent (D:\mitaan\mitaan-e
xpress\node_modules\react-d
om\cjs\react-dom.developmen
t.js:20103:13)
    at beginWork (D:\mitaan
\mitaan-express\node_module
s\react-dom\cjs\react-dom.d
evelopment.js:21626:16)
    at HTMLUnknownElement.c
allCallback (D:\mitaan\mita
an-express\node_modules\rea
ct-dom\cjs\react-dom.develo
pment.js:4164:14)
    at HTMLUnknownElement.c
allTheUserObjectsOperation 
(D:\mitaan\mitaan-express\n
ode_modules\jsdom\lib\jsdom
\living\generated\EventList
ener.js:26:30)
    at 
innerInvokeEventListeners (
D:\mitaan\mitaan-express\no
de_modules\jsdom\lib\jsdom\
living\events\EventTarget-i
mpl.js:360:16)
    at 
invokeEventListeners (D:\mi
taan\mitaan-express\node_mo
dules\jsdom\lib\jsdom\livin
g\events\EventTarget-impl.j
s:296:3)
    at HTMLUnknownElementIm
pl._dispatch (D:\mitaan\mit
aan-express\node_modules\js
dom\lib\jsdom\living\events
\EventTarget-impl.js:243:9)
[90mstderr[2m | src/tests
/HeroSlider.test.jsx[2m > 
[22m[2mHeroSlider[2m > 
[22m[2mrenders slides 
after fetching data
[22m[39mThe above error 
occurred in the 
<HeroSlider> component:

    at HeroSlider (D:/mitaa
n/mitaan-express/src/compon
ents/HeroSlider.jsx:8:23)
    at Router (file:///D:/m
itaan/mitaan-express/node_m
odules/react-router/dist/de
velopment/chunk-JZWAC4HX.mj
s:6594:13)
    at BrowserRouter (file:
///D:/mitaan/mitaan-express
/node_modules/react-router/
dist/development/chunk-JZWA
C4HX.mjs:9830:3)

Consider adding an error 
boundary to your tree to 
customize error handling 
behavior.
Visit https://reactjs.org/l
ink/error-boundaries to 
learn more about error 
boundaries.

Error: useArticles must be 
used within 
ArticlesProvider
    at useArticles (D:/mita
an/mitaan-express/src/conte
xt/ArticlesContext.jsx:9:15
)
    at HeroSlider (D:/mitaa
n/mitaan-express/src/compon
ents/HeroSlider.jsx:9:35)
    at renderWithHooks (D:\
mitaan\mitaan-express\node_
modules\react-dom\cjs\react
-dom.development.js:15486:1
8)
    at mountIndeterminateCo
mponent (D:\mitaan\mitaan-e
xpress\node_modules\react-d
om\cjs\react-dom.developmen
t.js:20103:13)
    at beginWork (D:\mitaan
\mitaan-express\node_module
s\react-dom\cjs\react-dom.d
evelopment.js:21626:16)
    at HTMLUnknownElement.c
allCallback (D:\mitaan\mita
an-express\node_modules\rea
ct-dom\cjs\react-dom.develo
pment.js:4164:14)
    at HTMLUnknownElement.c
allTheUserObjectsOperation 
(D:\mitaan\mitaan-express\n
ode_modules\jsdom\lib\jsdom
\living\generated\EventList
ener.js:26:30)
    at 
innerInvokeEventListeners (
D:\mitaan\mitaan-express\no
de_modules\jsdom\lib\jsdom\
living\events\EventTarget-i
mpl.js:360:16)
    at 
invokeEventListeners (D:\mi
taan\mitaan-express\node_mo
dules\jsdom\lib\jsdom\livin
g\events\EventTarget-impl.j
s:296:3)
    at HTMLUnknownElementIm
pl._dispatch (D:\mitaan\mit
aan-express\node_modules\js
dom\lib\jsdom\living\events
\EventTarget-impl.js:243:9)
Error: useArticles must be 
used within 
ArticlesProvider
    at useArticles (D:/mita
an/mitaan-express/src/conte
xt/ArticlesContext.jsx:9:15
)
    at HeroSlider (D:/mitaa
n/mitaan-express/src/compon
ents/HeroSlider.jsx:9:35)
    at renderWithHooks (D:\
mitaan\mitaan-express\node_
modules\react-dom\cjs\react
-dom.development.js:15486:1
8)
    at mountIndeterminateCo
mponent (D:\mitaan\mitaan-e
xpress\node_modules\react-d
om\cjs\react-dom.developmen
t.js:20103:13)
    at beginWork (D:\mitaan
\mitaan-express\node_module
s\react-dom\cjs\react-dom.d
evelopment.js:21626:16)
    at HTMLUnknownElement.c
allCallback (D:\mitaan\mita
an-express\node_modules\rea
ct-dom\cjs\react-dom.develo
pment.js:4164:14)
    at HTMLUnknownElement.c
allTheUserObjectsOperation 
(D:\mitaan\mitaan-express\n
ode_modules\jsdom\lib\jsdom
\living\generated\EventList
ener.js:26:30)
    at 
innerInvokeEventListeners (
D:\mitaan\mitaan-express\no
de_modules\jsdom\lib\jsdom\
living\events\EventTarget-i
mpl.js:360:16)
    at 
invokeEventListeners (D:\mi
taan\mitaan-express\node_mo
dules\jsdom\lib\jsdom\livin
g\events\EventTarget-impl.j
s:296:3)
    at HTMLUnknownElementIm
pl._dispatch (D:\mitaan\mit
aan-express\node_modules\js
dom\lib\jsdom\living\events
\EventTarget-impl.js:243:9)
[90mstderr[2m | src/tests
/HeroSlider.test.jsx[2m > 
[22m[2mHeroSlider[2m > 
[22m[2mhandles fetch 
error gracefully
[22m[39mThe above error 
occurred in the 
<HeroSlider> component:

    at HeroSlider (D:/mitaa
n/mitaan-express/src/compon
ents/HeroSlider.jsx:8:23)
    at Router (file:///D:/m
itaan/mitaan-express/node_m
odules/react-router/dist/de
velopment/chunk-JZWAC4HX.mj
s:6594:13)
    at BrowserRouter (file:
///D:/mitaan/mitaan-express
/node_modules/react-router/
dist/development/chunk-JZWA
C4HX.mjs:9830:3)

Consider adding an error 
boundary to your tree to 
customize error handling 
behavior.
Visit https://reactjs.org/l
ink/error-boundaries to 
learn more about error 
boundaries.

 [31mΓ¥»[39m src/tests/HeroSlider.test.jsx [2m([22m[2m3 tests[22m[2m | [22m[31m3 failed[39m[2m)[22m[32m 46[2mms[22m[39m
[31m     [31m├ù[31m shows default content initially[39m[32m 32[2mms[22m[39m
[31m     [31m├ù[31m renders slides after fetching data[39m[32m 6[2mms[22m[39m
[31m     [31m├ù[31m handles fetch error gracefully[39m[32m 6[2mms[22m[39m
[90mstderr[2m | src/tests
/navbar.test.jsx[2m > 
[22m[2mNavbar Navigation 
Tests[2m > 
[22m[2mrenders Navbar 
without crashing
[22m[39mWarning: An 
update to Navbar inside a 
test was not wrapped in 
act(...).

When testing, code that 
causes React state updates 
should be wrapped into 
act(...):

act(() => {
  /* fire events that 
update state */
});
/* assert on the output */

This ensures that you're 
testing the behavior the 
user would see in the 
browser. Learn more at http
s://reactjs.org/link/wrap-t
ests-with-act
    at Navbar (D:/mitaan/mi
taan-express/src/components
/Navbar.jsx:49:3)
    at Router (file:///D:/m
itaan/mitaan-express/node_m
odules/react-router/dist/de
velopment/chunk-JZWAC4HX.mj
s:6594:13)
    at MemoryRouter (file:/
//D:/mitaan/mitaan-express/
node_modules/react-router/d
ist/development/chunk-JZWAC
4HX.mjs:6510:3)
    at QueryClientProvider 
(file:///D:/mitaan/mitaan-e
xpress/node_modules/@tansta
ck/react-query/build/modern
/QueryClientProvider.js:20:
3)

[90mstderr[2m | src/tests
/navbar.test.jsx[2m > 
[22m[2mNavbar Navigation 
Tests[2m > 
[22m[2mtoggles theme 
when theme button is 
clicked
[22m[39mWarning: An 
update to Navbar inside a 
test was not wrapped in 
act(...).

When testing, code that 
causes React state updates 
should be wrapped into 
act(...):

act(() => {
  /* fire events that 
update state */
});
/* assert on the output */

This ensures that you're 
testing the behavior the 
user would see in the 
browser. Learn more at http
s://reactjs.org/link/wrap-t
ests-with-act
    at Navbar (D:/mitaan/mi
taan-express/src/components
/Navbar.jsx:49:3)
    at Router (file:///D:/m
itaan/mitaan-express/node_m
odules/react-router/dist/de
velopment/chunk-JZWAC4HX.mj
s:6594:13)
    at MemoryRouter (file:/
//D:/mitaan/mitaan-express/
node_modules/react-router/d
ist/development/chunk-JZWAC
4HX.mjs:6510:3)
    at QueryClientProvider 
(file:///D:/mitaan/mitaan-e
xpress/node_modules/@tansta
ck/react-query/build/modern
/QueryClientProvider.js:20:
3)

[90mstderr[2m | src/tests
/navbar.test.jsx[2m > 
[22m[2mNavbar Navigation 
Tests[2m > 
[22m[2mtoggles language 
when language button is 
clicked
[22m[39mWarning: An 
update to Navbar inside a 
test was not wrapped in 
act(...).

When testing, code that 
causes React state updates 
should be wrapped into 
act(...):

act(() => {
  /* fire events that 
update state */
});
/* assert on the output */

This ensures that you're 
testing the behavior the 
user would see in the 
browser. Learn more at http
s://reactjs.org/link/wrap-t
ests-with-act
    at Navbar (D:/mitaan/mi
taan-express/src/components
/Navbar.jsx:49:3)
    at Router (file:///D:/m
itaan/mitaan-express/node_m
odules/react-router/dist/de
velopment/chunk-JZWAC4HX.mj
s:6594:13)
    at MemoryRouter (file:/
//D:/mitaan/mitaan-express/
node_modules/react-router/d
ist/development/chunk-JZWAC
4HX.mjs:6510:3)
    at QueryClientProvider 
(file:///D:/mitaan/mitaan-e
xpress/node_modules/@tansta
ck/react-query/build/modern
/QueryClientProvider.js:20:
3)

TypeError: () => ({
  observe: () => null,
  unobserve: () => null,
  disconnect: () => null
}) is not a constructor
    at new Mock (file:///D:
/mitaan/mitaan-express/node
_modules/@vitest/spy/dist/i
ndex.js:262:27)
    at 
initIntersectionObserver (f
ile:///D:/mitaan/mitaan-exp
ress/node_modules/framer-mo
tion/dist/es/motion/feature
s/viewport/observers.mjs:35
:30)
    at observeIntersection 
(file:///D:/mitaan/mitaan-e
xpress/node_modules/framer-
motion/dist/es/motion/featu
res/viewport/observers.mjs:
40:39)
    at InViewFeature.startO
bserver (file:///D:/mitaan/
mitaan-express/node_modules
/framer-motion/dist/es/moti
on/features/viewport/index.
mjs:52:16)
    at InViewFeature.mount 
(file:///D:/mitaan/mitaan-e
xpress/node_modules/framer-
motion/dist/es/motion/featu
res/viewport/index.mjs:55:1
4)
    at HTMLVisualElement.up
dateFeatures (file:///D:/mi
taan/mitaan-express/node_mo
dules/framer-motion/dist/es
/render/VisualElement.mjs:2
62:29)
    at file:///D:/mitaan/mi
taan-express/node_modules/f
ramer-motion/dist/es/motion
/utils/use-visual-element.m
js:70:23
    at 
commitHookEffectListMount (
D:\mitaan\mitaan-express\no
de_modules\react-dom\cjs\re
act-dom.development.js:2318
9:26)
    at safelyCallCommitHook
LayoutEffectListMount (D:\m
itaan\mitaan-express\node_m
odules\react-dom\cjs\react-
dom.development.js:22903:5)
    at reappearLayoutEffect
sOnFiber (D:\mitaan\mitaan-
express\node_modules\react-
dom\cjs\react-dom.developme
nt.js:23564:11)
TypeError: () => ({
  observe: () => null,
  unobserve: () => null,
  disconnect: () => null
}) is not a constructor
    at new Mock (file:///D:
/mitaan/mitaan-express/node
_modules/@vitest/spy/dist/i
ndex.js:262:27)
    at 
initIntersectionObserver (f
ile:///D:/mitaan/mitaan-exp
ress/node_modules/framer-mo
tion/dist/es/motion/feature
s/viewport/observers.mjs:35
:30)
    at observeIntersection 
(file:///D:/mitaan/mitaan-e
xpress/node_modules/framer-
motion/dist/es/motion/featu
res/viewport/observers.mjs:
40:39)
    at InViewFeature.startO
bserver (file:///D:/mitaan/
mitaan-express/node_modules
/framer-motion/dist/es/moti
on/features/viewport/index.
mjs:52:16)
    at InViewFeature.mount 
(file:///D:/mitaan/mitaan-e
xpress/node_modules/framer-
motion/dist/es/motion/featu
res/viewport/index.mjs:55:1
4)
    at HTMLVisualElement.up
dateFeatures (file:///D:/mi
taan/mitaan-express/node_mo
dules/framer-motion/dist/es
/render/VisualElement.mjs:2
62:29)
    at file:///D:/mitaan/mi
taan-express/node_modules/f
ramer-motion/dist/es/motion
/utils/use-visual-element.m
js:70:23
    at 
commitHookEffectListMount (
D:\mitaan\mitaan-express\no
de_modules\react-dom\cjs\re
act-dom.development.js:2318
9:26)
    at safelyCallCommitHook
LayoutEffectListMount (D:\m
itaan\mitaan-express\node_m
odules\react-dom\cjs\react-
dom.development.js:22903:5)
    at reappearLayoutEffect
sOnFiber (D:\mitaan\mitaan-
express\node_modules\react-
dom\cjs\react-dom.developme
nt.js:23564:11)
TypeError: () => ({
  observe: () => null,
  unobserve: () => null,
  disconnect: () => null
}) is not a constructor
    at new Mock (file:///D:
/mitaan/mitaan-express/node
_modules/@vitest/spy/dist/i
ndex.js:262:27)
    at 
initIntersectionObserver (f
ile:///D:/mitaan/mitaan-exp
ress/node_modules/framer-mo
tion/dist/es/motion/feature
s/viewport/observers.mjs:35
:30)
    at observeIntersection 
(file:///D:/mitaan/mitaan-e
xpress/node_modules/framer-
motion/dist/es/motion/featu
res/viewport/observers.mjs:
40:39)
    at InViewFeature.startO
bserver (file:///D:/mitaan/
mitaan-express/node_modules
/framer-motion/dist/es/moti
on/features/viewport/index.
mjs:52:16)
    at InViewFeature.mount 
(file:///D:/mitaan/mitaan-e
xpress/node_modules/framer-
motion/dist/es/motion/featu
res/viewport/index.mjs:55:1
4)
    at HTMLVisualElement.up
dateFeatures (file:///D:/mi
taan/mitaan-express/node_mo
dules/framer-motion/dist/es
/render/VisualElement.mjs:2
62:29)
    at file:///D:/mitaan/mi
taan-express/node_modules/f
ramer-motion/dist/es/motion
/utils/use-visual-element.m
js:70:23
    at 
commitHookEffectListMount (
D:\mitaan\mitaan-express\no
de_modules\react-dom\cjs\re
act-dom.development.js:2318
9:26)
    at safelyCallCommitHook
LayoutEffectListMount (D:\m
itaan\mitaan-express\node_m
odules\react-dom\cjs\react-
dom.development.js:22903:5)
    at reappearLayoutEffect
sOnFiber (D:\mitaan\mitaan-
express\node_modules\react-
dom\cjs\react-dom.developme
nt.js:23564:11)
TypeError: () => ({
  observe: () => null,
  unobserve: () => null,
  disconnect: () => null
}) is not a constructor
    at new Mock (file:///D:
/mitaan/mitaan-express/node
_modules/@vitest/spy/dist/i
ndex.js:262:27)
    at 
initIntersectionObserver (f
ile:///D:/mitaan/mitaan-exp
ress/node_modules/framer-mo
tion/dist/es/motion/feature
s/viewport/observers.mjs:35
:30)
    at observeIntersection 
(file:///D:/mitaan/mitaan-e
xpress/node_modules/framer-
motion/dist/es/motion/featu
res/viewport/observers.mjs:
40:39)
    at InViewFeature.startO
bserver (file:///D:/mitaan/
mitaan-express/node_modules
/framer-motion/dist/es/moti
on/features/viewport/index.
mjs:52:16)
    at InViewFeature.mount 
(file:///D:/mitaan/mitaan-e
xpress/node_modules/framer-
motion/dist/es/motion/featu
res/viewport/index.mjs:55:1
4)
    at HTMLVisualElement.up
dateFeatures (file:///D:/mi
taan/mitaan-express/node_mo
dules/framer-motion/dist/es
/render/VisualElement.mjs:2
62:29)
    at file:///D:/mitaan/mi
taan-express/node_modules/f
ramer-motion/dist/es/motion
/utils/use-visual-element.m
js:70:23
    at 
commitHookEffectListMount (
D:\mitaan\mitaan-express\no
de_modules\react-dom\cjs\re
act-dom.development.js:2318
9:26)
    at safelyCallCommitHook
LayoutEffectListMount (D:\m
itaan\mitaan-express\node_m
odules\react-dom\cjs\react-
dom.development.js:22903:5)
    at reappearLayoutEffect
sOnFiber (D:\mitaan\mitaan-
express\node_modules\react-
dom\cjs\react-dom.developme
nt.js:23564:11)
TypeError: () => ({
  observe: () => null,
  unobserve: () => null,
  disconnect: () => null
}) is not a constructor
    at new Mock (file:///D:
/mitaan/mitaan-express/node
_modules/@vitest/spy/dist/i
ndex.js:262:27)
    at 
initIntersectionObserver (f
ile:///D:/mitaan/mitaan-exp
ress/node_modules/framer-mo
tion/dist/es/motion/feature
s/viewport/observers.mjs:35
:30)
    at observeIntersection 
(file:///D:/mitaan/mitaan-e
xpress/node_modules/framer-
motion/dist/es/motion/featu
res/viewport/observers.mjs:
40:39)
    at InViewFeature.startO
bserver (file:///D:/mitaan/
mitaan-express/node_modules
/framer-motion/dist/es/moti
on/features/viewport/index.
mjs:52:16)
    at InViewFeature.mount 
(file:///D:/mitaan/mitaan-e
xpress/node_modules/framer-
motion/dist/es/motion/featu
res/viewport/index.mjs:55:1
4)
    at HTMLVisualElement.up
dateFeatures (file:///D:/mi
taan/mitaan-express/node_mo
dules/framer-motion/dist/es
/render/VisualElement.mjs:2
62:29)
    at file:///D:/mitaan/mi
taan-express/node_modules/f
ramer-motion/dist/es/motion
/utils/use-visual-element.m
js:70:23
    at 
commitHookEffectListMount (
D:\mitaan\mitaan-express\no
de_modules\react-dom\cjs\re
act-dom.development.js:2318
9:26)
    at safelyCallCommitHook
LayoutEffectListMount (D:\m
itaan\mitaan-express\node_m
odules\react-dom\cjs\react-
dom.development.js:22903:5)
    at reappearLayoutEffect
sOnFiber (D:\mitaan\mitaan-
express\node_modules\react-
dom\cjs\react-dom.developme
nt.js:23564:11)
TypeError: () => ({
  observe: () => null,
  unobserve: () => null,
  disconnect: () => null
}) is not a constructor
    at new Mock (file:///D:
/mitaan/mitaan-express/node
_modules/@vitest/spy/dist/i
ndex.js:262:27)
    at 
initIntersectionObserver (f
ile:///D:/mitaan/mitaan-exp
ress/node_modules/framer-mo
tion/dist/es/motion/feature
s/viewport/observers.mjs:35
:30)
    at observeIntersection 
(file:///D:/mitaan/mitaan-e
xpress/node_modules/framer-
motion/dist/es/motion/featu
res/viewport/observers.mjs:
40:39)
    at InViewFeature.startO
bserver (file:///D:/mitaan/
mitaan-express/node_modules
/framer-motion/dist/es/moti
on/features/viewport/index.
mjs:52:16)
    at InViewFeature.mount 
(file:///D:/mitaan/mitaan-e
xpress/node_modules/framer-
motion/dist/es/motion/featu
res/viewport/index.mjs:55:1
4)
    at HTMLVisualElement.up
dateFeatures (file:///D:/mi
taan/mitaan-express/node_mo
dules/framer-motion/dist/es
/render/VisualElement.mjs:2
62:29)
    at file:///D:/mitaan/mi
taan-express/node_modules/f
ramer-motion/dist/es/motion
/utils/use-visual-element.m
js:70:23
    at 
commitHookEffectListMount (
D:\mitaan\mitaan-express\no
de_modules\react-dom\cjs\re
act-dom.development.js:2318
9:26)
    at safelyCallCommitHook
LayoutEffectListMount (D:\m
itaan\mitaan-express\node_m
odules\react-dom\cjs\react-
dom.development.js:22903:5)
    at reappearLayoutEffect
sOnFiber (D:\mitaan\mitaan-
express\node_modules\react-
dom\cjs\react-dom.developme
nt.js:23564:11)
TypeError: () => ({
  observe: () => null,
  unobserve: () => null,
  disconnect: () => null
}) is not a constructor
    at new Mock (file:///D:
/mitaan/mitaan-express/node
_modules/@vitest/spy/dist/i
ndex.js:262:27)
    at 
initIntersectionObserver (f
ile:///D:/mitaan/mitaan-exp
ress/node_modules/framer-mo
tion/dist/es/motion/feature
s/viewport/observers.mjs:35
:30)
    at observeIntersection 
(file:///D:/mitaan/mitaan-e
xpress/node_modules/framer-
motion/dist/es/motion/featu
res/viewport/observers.mjs:
40:39)
    at InViewFeature.startO
bserver (file:///D:/mitaan/
mitaan-express/node_modules
/framer-motion/dist/es/moti
on/features/viewport/index.
mjs:52:16)
    at InViewFeature.mount 
(file:///D:/mitaan/mitaan-e
xpress/node_modules/framer-
motion/dist/es/motion/featu
res/viewport/index.mjs:55:1
4)
    at HTMLVisualElement.up
dateFeatures (file:///D:/mi
taan/mitaan-express/node_mo
dules/framer-motion/dist/es
/render/VisualElement.mjs:2
62:29)
    at file:///D:/mitaan/mi
taan-express/node_modules/f
ramer-motion/dist/es/motion
/utils/use-visual-element.m
js:70:23
    at 
commitHookEffectListMount (
D:\mitaan\mitaan-express\no
de_modules\react-dom\cjs\re
act-dom.development.js:2318
9:26)
    at safelyCallCommitHook
LayoutEffectListMount (D:\m
itaan\mitaan-express\node_m
odules\react-dom\cjs\react-
dom.development.js:22903:5)
    at reappearLayoutEffect
sOnFiber (D:\mitaan\mitaan-
express\node_modules\react-
dom\cjs\react-dom.developme
nt.js:23564:11)
TypeError: () => ({
  observe: () => null,
  unobserve: () => null,
  disconnect: () => null
}) is not a constructor
    at new Mock (file:///D:
/mitaan/mitaan-express/node
_modules/@vitest/spy/dist/i
ndex.js:262:27)
    at 
initIntersectionObserver (f
ile:///D:/mitaan/mitaan-exp
ress/node_modules/framer-mo
tion/dist/es/motion/feature
s/viewport/observers.mjs:35
:30)
    at observeIntersection 
(file:///D:/mitaan/mitaan-e
xpress/node_modules/framer-
motion/dist/es/motion/featu
res/viewport/observers.mjs:
40:39)
    at InViewFeature.startO
bserver (file:///D:/mitaan/
mitaan-express/node_modules
/framer-motion/dist/es/moti
on/features/viewport/index.
mjs:52:16)
    at InViewFeature.mount 
(file:///D:/mitaan/mitaan-e
xpress/node_modules/framer-
motion/dist/es/motion/featu
res/viewport/index.mjs:55:1
4)
    at HTMLVisualElement.up
dateFeatures (file:///D:/mi
taan/mitaan-express/node_mo
dules/framer-motion/dist/es
/render/VisualElement.mjs:2
62:29)
    at file:///D:/mitaan/mi
taan-express/node_modules/f
ramer-motion/dist/es/motion
/utils/use-visual-element.m
js:70:23
    at 
commitHookEffectListMount (
D:\mitaan\mitaan-express\no
de_modules\react-dom\cjs\re
act-dom.development.js:2318
9:26)
    at safelyCallCommitHook
LayoutEffectListMount (D:\m
itaan\mitaan-express\node_m
odules\react-dom\cjs\react-
dom.development.js:22903:5)
    at reappearLayoutEffect
sOnFiber (D:\mitaan\mitaan-
express\node_modules\react-
dom\cjs\react-dom.developme
nt.js:23564:11)
TypeError: () => ({
  observe: () => null,
  unobserve: () => null,
  disconnect: () => null
}) is not a constructor
    at new Mock (file:///D:
/mitaan/mitaan-express/node
_modules/@vitest/spy/dist/i
ndex.js:262:27)
    at 
initIntersectionObserver (f
ile:///D:/mitaan/mitaan-exp
ress/node_modules/framer-mo
tion/dist/es/motion/feature
s/viewport/observers.mjs:35
:30)
    at observeIntersection 
(file:///D:/mitaan/mitaan-e
xpress/node_modules/framer-
motion/dist/es/motion/featu
res/viewport/observers.mjs:
40:39)
    at InViewFeature.startO
bserver (file:///D:/mitaan/
mitaan-express/node_modules
/framer-motion/dist/es/moti
on/features/viewport/index.
mjs:52:16)
    at InViewFeature.mount 
(file:///D:/mitaan/mitaan-e
xpress/node_modules/framer-
motion/dist/es/motion/featu
res/viewport/index.mjs:55:1
4)
    at HTMLVisualElement.up
dateFeatures (file:///D:/mi
taan/mitaan-express/node_mo
dules/framer-motion/dist/es
/render/VisualElement.mjs:2
62:29)
    at file:///D:/mitaan/mi
taan-express/node_modules/f
ramer-motion/dist/es/motion
/utils/use-visual-element.m
js:70:23
    at 
commitHookEffectListMount (
D:\mitaan\mitaan-express\no
de_modules\react-dom\cjs\re
act-dom.development.js:2318
9:26)
    at safelyCallCommitHook
LayoutEffectListMount (D:\m
itaan\mitaan-express\node_m
odules\react-dom\cjs\react-
dom.development.js:22903:5)
    at reappearLayoutEffect
sOnFiber (D:\mitaan\mitaan-
express\node_modules\react-
dom\cjs\react-dom.developme
nt.js:23564:11)
TypeError: () => ({
  observe: () => null,
  unobserve: () => null,
  disconnect: () => null
}) is not a constructor
    at new Mock (file:///D:
/mitaan/mitaan-express/node
_modules/@vitest/spy/dist/i
ndex.js:262:27)
    at 
initIntersectionObserver (f
ile:///D:/mitaan/mitaan-exp
ress/node_modules/framer-mo
tion/dist/es/motion/feature
s/viewport/observers.mjs:35
:30)
    at observeIntersection 
(file:///D:/mitaan/mitaan-e
xpress/node_modules/framer-
motion/dist/es/motion/featu
res/viewport/observers.mjs:
40:39)
    at InViewFeature.startO
bserver (file:///D:/mitaan/
mitaan-express/node_modules
/framer-motion/dist/es/moti
on/features/viewport/index.
mjs:52:16)
    at InViewFeature.mount 
(file:///D:/mitaan/mitaan-e
xpress/node_modules/framer-
motion/dist/es/motion/featu
res/viewport/index.mjs:55:1
4)
    at HTMLVisualElement.up
dateFeatures (file:///D:/mi
taan/mitaan-express/node_mo
dules/framer-motion/dist/es
/render/VisualElement.mjs:2
62:29)
    at file:///D:/mitaan/mi
taan-express/node_modules/f
ramer-motion/dist/es/motion
/utils/use-visual-element.m
js:70:23
    at 
commitHookEffectListMount (
D:\mitaan\mitaan-express\no
de_modules\react-dom\cjs\re
act-dom.development.js:2318
9:26)
    at safelyCallCommitHook
LayoutEffectListMount (D:\m
itaan\mitaan-express\node_m
odules\react-dom\cjs\react-
dom.development.js:22903:5)
    at reappearLayoutEffect
sOnFiber (D:\mitaan\mitaan-
express\node_modules\react-
dom\cjs\react-dom.developme
nt.js:23564:11)
TypeError: () => ({
  observe: () => null,
  unobserve: () => null,
  disconnect: () => null
}) is not a constructor
    at new Mock (file:///D:
/mitaan/mitaan-express/node
_modules/@vitest/spy/dist/i
ndex.js:262:27)
    at 
initIntersectionObserver (f
ile:///D:/mitaan/mitaan-exp
ress/node_modules/framer-mo
tion/dist/es/motion/feature
s/viewport/observers.mjs:35
:30)
    at observeIntersection 
(file:///D:/mitaan/mitaan-e
xpress/node_modules/framer-
motion/dist/es/motion/featu
res/viewport/observers.mjs:
40:39)
    at InViewFeature.startO
bserver (file:///D:/mitaan/
mitaan-express/node_modules
/framer-motion/dist/es/moti
on/features/viewport/index.
mjs:52:16)
    at InViewFeature.mount 
(file:///D:/mitaan/mitaan-e
xpress/node_modules/framer-
motion/dist/es/motion/featu
res/viewport/index.mjs:55:1
4)
    at HTMLVisualElement.up
dateFeatures (file:///D:/mi
taan/mitaan-express/node_mo
dules/framer-motion/dist/es
/render/VisualElement.mjs:2
62:29)
    at file:///D:/mitaan/mi
taan-express/node_modules/f
ramer-motion/dist/es/motion
/utils/use-visual-element.m
js:70:23
    at 
commitHookEffectListMount (
D:\mitaan\mitaan-express\no
de_modules\react-dom\cjs\re
act-dom.development.js:2318
9:26)
    at safelyCallCommitHook
LayoutEffectListMount (D:\m
itaan\mitaan-express\node_m
odules\react-dom\cjs\react-
dom.development.js:22903:5)
    at reappearLayoutEffect
sOnFiber (D:\mitaan\mitaan-
express\node_modules\react-
dom\cjs\react-dom.developme
nt.js:23564:11)
TypeError: () => ({
  observe: () => null,
  unobserve: () => null,
  disconnect: () => null
}) is not a constructor
    at new Mock (file:///D:
/mitaan/mitaan-express/node
_modules/@vitest/spy/dist/i
ndex.js:262:27)
    at 
initIntersectionObserver (f
ile:///D:/mitaan/mitaan-exp
ress/node_modules/framer-mo
tion/dist/es/motion/feature
s/viewport/observers.mjs:35
:30)
    at observeIntersection 
(file:///D:/mitaan/mitaan-e
xpress/node_modules/framer-
motion/dist/es/motion/featu
res/viewport/observers.mjs:
40:39)
    at InViewFeature.startO
bserver (file:///D:/mitaan/
mitaan-express/node_modules
/framer-motion/dist/es/moti
on/features/viewport/index.
mjs:52:16)
    at InViewFeature.mount 
(file:///D:/mitaan/mitaan-e
xpress/node_modules/framer-
motion/dist/es/motion/featu
res/viewport/index.mjs:55:1
4)
    at HTMLVisualElement.up
dateFeatures (file:///D:/mi
taan/mitaan-express/node_mo
dules/framer-motion/dist/es
/render/VisualElement.mjs:2
62:29)
    at file:///D:/mitaan/mi
taan-express/node_modules/f
ramer-motion/dist/es/motion
/utils/use-visual-element.m
js:70:23
    at 
commitHookEffectListMount (
D:\mitaan\mitaan-express\no
de_modules\react-dom\cjs\re
act-dom.development.js:2318
9:26)
    at safelyCallCommitHook
LayoutEffectListMount (D:\m
itaan\mitaan-express\node_m
odules\react-dom\cjs\react-
dom.development.js:22903:5)
    at reappearLayoutEffect
sOnFiber (D:\mitaan\mitaan-
express\node_modules\react-
dom\cjs\react-dom.developme
nt.js:23564:11)
TypeError: () => ({
  observe: () => null,
  unobserve: () => null,
  disconnect: () => null
}) is not a constructor
    at new Mock (file:///D:
/mitaan/mitaan-express/node
_modules/@vitest/spy/dist/i
ndex.js:262:27)
    at 
initIntersectionObserver (f
ile:///D:/mitaan/mitaan-exp
ress/node_modules/framer-mo
tion/dist/es/motion/feature
s/viewport/observers.mjs:35
:30)
    at observeIntersection 
(file:///D:/mitaan/mitaan-e
xpress/node_modules/framer-
motion/dist/es/motion/featu
res/viewport/observers.mjs:
40:39)
    at InViewFeature.startO
bserver (file:///D:/mitaan/
mitaan-express/node_modules
/framer-motion/dist/es/moti
on/features/viewport/index.
mjs:52:16)
    at InViewFeature.mount 
(file:///D:/mitaan/mitaan-e
xpress/node_modules/framer-
motion/dist/es/motion/featu
res/viewport/index.mjs:55:1
4)
    at HTMLVisualElement.up
dateFeatures (file:///D:/mi
taan/mitaan-express/node_mo
dules/framer-motion/dist/es
/render/VisualElement.mjs:2
62:29)
    at file:///D:/mitaan/mi
taan-express/node_modules/f
ramer-motion/dist/es/motion
/utils/use-visual-element.m
js:70:23
    at 
commitHookEffectListMount (
D:\mitaan\mitaan-express\no
de_modules\react-dom\cjs\re
act-dom.development.js:2318
9:26)
    at safelyCallCommitHook
LayoutEffectListMount (D:\m
itaan\mitaan-express\node_m
odules\react-dom\cjs\react-
dom.development.js:22903:5)
    at reappearLayoutEffect
sOnFiber (D:\mitaan\mitaan-
express\node_modules\react-
dom\cjs\react-dom.developme
nt.js:23564:11)
TypeError: () => ({
  observe: () => null,
  unobserve: () => null,
  disconnect: () => null
}) is not a constructor
    at new Mock (file:///D:
/mitaan/mitaan-express/node
_modules/@vitest/spy/dist/i
ndex.js:262:27)
    at 
initIntersectionObserver (f
ile:///D:/mitaan/mitaan-exp
ress/node_modules/framer-mo
tion/dist/es/motion/feature
s/viewport/observers.mjs:35
:30)
    at observeIntersection 
(file:///D:/mitaan/mitaan-e
xpress/node_modules/framer-
motion/dist/es/motion/featu
res/viewport/observers.mjs:
40:39)
    at InViewFeature.startO
bserver (file:///D:/mitaan/
mitaan-express/node_modules
/framer-motion/dist/es/moti
on/features/viewport/index.
mjs:52:16)
    at InViewFeature.mount 
(file:///D:/mitaan/mitaan-e
xpress/node_modules/framer-
motion/dist/es/motion/featu
res/viewport/index.mjs:55:1
4)
    at HTMLVisualElement.up
dateFeatures (file:///D:/mi
taan/mitaan-express/node_mo
dules/framer-motion/dist/es
/render/VisualElement.mjs:2
62:29)
    at file:///D:/mitaan/mi
taan-express/node_modules/f
ramer-motion/dist/es/motion
/utils/use-visual-element.m
js:70:23
    at 
commitHookEffectListMount (
D:\mitaan\mitaan-express\no
de_modules\react-dom\cjs\re
act-dom.development.js:2318
9:26)
    at safelyCallCommitHook
LayoutEffectListMount (D:\m
itaan\mitaan-express\node_m
odules\react-dom\cjs\react-
dom.development.js:22903:5)
    at reappearLayoutEffect
sOnFiber (D:\mitaan\mitaan-
express\node_modules\react-
dom\cjs\react-dom.developme
nt.js:23564:11)
TypeError: () => ({
  observe: () => null,
  unobserve: () => null,
  disconnect: () => null
}) is not a constructor
    at new Mock (file:///D:
/mitaan/mitaan-express/node
_modules/@vitest/spy/dist/i
ndex.js:262:27)
    at 
initIntersectionObserver (f
ile:///D:/mitaan/mitaan-exp
ress/node_modules/framer-mo
tion/dist/es/motion/feature
s/viewport/observers.mjs:35
:30)
    at observeIntersection 
(file:///D:/mitaan/mitaan-e
xpress/node_modules/framer-
motion/dist/es/motion/featu
res/viewport/observers.mjs:
40:39)
    at InViewFeature.startO
bserver (file:///D:/mitaan/
mitaan-express/node_modules
/framer-motion/dist/es/moti
on/features/viewport/index.
mjs:52:16)
    at InViewFeature.mount 
(file:///D:/mitaan/mitaan-e
xpress/node_modules/framer-
motion/dist/es/motion/featu
res/viewport/index.mjs:55:1
4)
    at HTMLVisualElement.up
dateFeatures (file:///D:/mi
taan/mitaan-express/node_mo
dules/framer-motion/dist/es
/render/VisualElement.mjs:2
62:29)
    at file:///D:/mitaan/mi
taan-express/node_modules/f
ramer-motion/dist/es/motion
/utils/use-visual-element.m
js:70:23
    at 
commitHookEffectListMount (
D:\mitaan\mitaan-express\no
de_modules\react-dom\cjs\re
act-dom.development.js:2318
9:26)
    at safelyCallCommitHook
LayoutEffectListMount (D:\m
itaan\mitaan-express\node_m
odules\react-dom\cjs\react-
dom.development.js:22903:5)
    at reappearLayoutEffect
sOnFiber (D:\mitaan\mitaan-
express\node_modules\react-
dom\cjs\react-dom.developme
nt.js:23564:11)
TypeError: () => ({
  observe: () => null,
  unobserve: () => null,
  disconnect: () => null
}) is not a constructor
    at new Mock (file:///D:
/mitaan/mitaan-express/node
_modules/@vitest/spy/dist/i
ndex.js:262:27)
    at 
initIntersectionObserver (f
ile:///D:/mitaan/mitaan-exp
ress/node_modules/framer-mo
tion/dist/es/motion/feature
s/viewport/observers.mjs:35
:30)
    at observeIntersection 
(file:///D:/mitaan/mitaan-e
xpress/node_modules/framer-
motion/dist/es/motion/featu
res/viewport/observers.mjs:
40:39)
    at InViewFeature.startO
bserver (file:///D:/mitaan/
mitaan-express/node_modules
/framer-motion/dist/es/moti
on/features/viewport/index.
mjs:52:16)
    at InViewFeature.mount 
(file:///D:/mitaan/mitaan-e
xpress/node_modules/framer-
motion/dist/es/motion/featu
res/viewport/index.mjs:55:1
4)
    at HTMLVisualElement.up
dateFeatures (file:///D:/mi
taan/mitaan-express/node_mo
dules/framer-motion/dist/es
/render/VisualElement.mjs:2
62:29)
    at file:///D:/mitaan/mi
taan-express/node_modules/f
ramer-motion/dist/es/motion
/utils/use-visual-element.m
js:70:23
    at 
commitHookEffectListMount (
D:\mitaan\mitaan-express\no
de_modules\react-dom\cjs\re
act-dom.development.js:2318
9:26)
    at safelyCallCommitHook
LayoutEffectListMount (D:\m
itaan\mitaan-express\node_m
odules\react-dom\cjs\react-
dom.development.js:22903:5)
    at reappearLayoutEffect
sOnFiber (D:\mitaan\mitaan-
express\node_modules\react-
dom\cjs\react-dom.developme
nt.js:23564:11)
[90mstderr[2m | src/tests
/smoke.test.jsx[2m > 
[22m[2mProject Smoke 
Tests[2m > 
[22m[2mrenders AboutPage 
without crashing
[22m[39m[vitest] The 
vi.fn() mock did not use 
'function' or 'class' in 
its implementation, see htt
ps://vitest.dev/api/vi#vi-s
pyon for examples.
[vitest] The vi.fn() mock 
did not use 'function' or 
'class' in its 
implementation, see https:/
/vitest.dev/api/vi#vi-spyon
 for examples.
[vitest] The vi.fn() mock 
did not use 'function' or 
'class' in its 
implementation, see https:/
/vitest.dev/api/vi#vi-spyon
 for examples.
[vitest] The vi.fn() mock 
did not use 'function' or 
'class' in its 
implementation, see https:/
/vitest.dev/api/vi#vi-spyon
 for examples.
[vitest] The vi.fn() mock 
did not use 'function' or 
'class' in its 
implementation, see https:/
/vitest.dev/api/vi#vi-spyon
 for examples.
[vitest] The vi.fn() mock 
did not use 'function' or 
'class' in its 
implementation, see https:/
/vitest.dev/api/vi#vi-spyon
 for examples.
[vitest] The vi.fn() mock 
did not use 'function' or 
'class' in its 
implementation, see https:/
/vitest.dev/api/vi#vi-spyon
 for examples.
[vitest] The vi.fn() mock 
did not use 'function' or 
'class' in its 
implementation, see https:/
/vitest.dev/api/vi#vi-spyon
 for examples.
[vitest] The vi.fn() mock 
did not use 'function' or 
'class' in its 
implementation, see https:/
/vitest.dev/api/vi#vi-spyon
 for examples.
[vitest] The vi.fn() mock 
did not use 'function' or 
'class' in its 
implementation, see https:/
/vitest.dev/api/vi#vi-spyon
 for examples.
[vitest] The vi.fn() mock 
did not use 'function' or 
'class' in its 
implementation, see https:/
/vitest.dev/api/vi#vi-spyon
 for examples.
[vitest] The vi.fn() mock 
did not use 'function' or 
'class' in its 
implementation, see https:/
/vitest.dev/api/vi#vi-spyon
 for examples.
[vitest] The vi.fn() mock 
did not use 'function' or 
'class' in its 
implementation, see https:/
/vitest.dev/api/vi#vi-spyon
 for examples.
[vitest] The vi.fn() mock 
did not use 'function' or 
'class' in its 
implementation, see https:/
/vitest.dev/api/vi#vi-spyon
 for examples.
[vitest] The vi.fn() mock 
did not use 'function' or 
'class' in its 
implementation, see https:/
/vitest.dev/api/vi#vi-spyon
 for examples.
[vitest] The vi.fn() mock 
did not use 'function' or 
'class' in its 
implementation, see https:/
/vitest.dev/api/vi#vi-spyon
 for examples.
The above error occurred 
in the 
<ForwardRef(motion.div)> 
component:

    at MotionComponent (fil
e:///D:/mitaan/mitaan-expre
ss/node_modules/framer-moti
on/dist/es/motion/index.mjs
:36:16)
    at div
    at section
    at div
    at AboutPage (D:/mitaan
/mitaan-express/src/pages/A
boutPage.jsx:6:22)
    at RenderedRoute (file:
///D:/mitaan/mitaan-express
/node_modules/react-router/
dist/development/chunk-JZWA
C4HX.mjs:5853:26)
    at Routes (file:///D:/m
itaan/mitaan-express/node_m
odules/react-router/dist/de
velopment/chunk-JZWAC4HX.mj
s:6653:3)
    at PresenceChild (file:
///D:/mitaan/mitaan-express
/node_modules/framer-motion
/dist/es/components/Animate
Presence/PresenceChild.mjs:
9:26)
    at AnimatePresence (fil
e:///D:/mitaan/mitaan-expre
ss/node_modules/framer-moti
on/dist/es/components/Anima
tePresence/index.mjs:44:28)
    at Suspense
    at main
    at div
    at ArticlesProvider (D:
/mitaan/mitaan-express/src/
context/ArticlesContext.jsx
:15:29)
    at App (D:/mitaan/mitaa
n-express/src/App.jsx:30:69
)
    at Router (file:///D:/m
itaan/mitaan-express/node_m
odules/react-router/dist/de
velopment/chunk-JZWAC4HX.mj
s:6594:13)
    at MemoryRouter (file:/
//D:/mitaan/mitaan-express/
node_modules/react-router/d
ist/development/chunk-JZWAC
4HX.mjs:6510:3)
    at QueryClientProvider 
(file:///D:/mitaan/mitaan-e
xpress/node_modules/@tansta
ck/react-query/build/modern
/QueryClientProvider.js:20:
3)

Consider adding an error 
boundary to your tree to 
customize error handling 
behavior.
Visit https://reactjs.org/l
ink/error-boundaries to 
learn more about error 
boundaries.
The above error occurred 
in the 
<ForwardRef(motion.div)> 
component:

    at MotionComponent (fil
e:///D:/mitaan/mitaan-expre
ss/node_modules/framer-moti
on/dist/es/motion/index.mjs
:36:16)
    at div
    at section
    at div
    at AboutPage (D:/mitaan
/mitaan-express/src/pages/A
boutPage.jsx:6:22)
    at RenderedRoute (file:
///D:/mitaan/mitaan-express
/node_modules/react-router/
dist/development/chunk-JZWA
C4HX.mjs:5853:26)
    at Routes (file:///D:/m
itaan/mitaan-express/node_m
odules/react-router/dist/de
velopment/chunk-JZWAC4HX.mj
s:6653:3)
    at PresenceChild (file:
///D:/mitaan/mitaan-express
/node_modules/framer-motion
/dist/es/components/Animate
Presence/PresenceChild.mjs:
9:26)
    at AnimatePresence (fil
e:///D:/mitaan/mitaan-expre
ss/node_modules/framer-moti
on/dist/es/components/Anima
tePresence/index.mjs:44:28)
    at Suspense
    at main
    at div
    at ArticlesProvider (D:
/mitaan/mitaan-express/src/
context/ArticlesContext.jsx
:15:29)
    at App (D:/mitaan/mitaa
n-express/src/App.jsx:30:69
)
    at Router (file:///D:/m
itaan/mitaan-express/node_m
odules/react-router/dist/de
velopment/chunk-JZWAC4HX.mj
s:6594:13)
    at MemoryRouter (file:/
//D:/mitaan/mitaan-express/
node_modules/react-router/d
ist/development/chunk-JZWAC
4HX.mjs:6510:3)
    at QueryClientProvider 
(file:///D:/mitaan/mitaan-e
xpress/node_modules/@tansta
ck/react-query/build/modern
/QueryClientProvider.js:20:
3)

Consider adding an error 
boundary to your tree to 
customize error handling 
behavior.
Visit https://reactjs.org/l
ink/error-boundaries to 
learn more about error 
boundaries.
The above error occurred 
in the 
<ForwardRef(motion.div)> 
component:

    at MotionComponent (fil
e:///D:/mitaan/mitaan-expre
ss/node_modules/framer-moti
on/dist/es/motion/index.mjs
:36:16)
    at div
    at section
    at div
    at AboutPage (D:/mitaan
/mitaan-express/src/pages/A
boutPage.jsx:6:22)
    at RenderedRoute (file:
///D:/mitaan/mitaan-express
/node_modules/react-router/
dist/development/chunk-JZWA
C4HX.mjs:5853:26)
    at Routes (file:///D:/m
itaan/mitaan-express/node_m
odules/react-router/dist/de
velopment/chunk-JZWAC4HX.mj
s:6653:3)
    at PresenceChild (file:
///D:/mitaan/mitaan-express
/node_modules/framer-motion
/dist/es/components/Animate
Presence/PresenceChild.mjs:
9:26)
    at AnimatePresence (fil
e:///D:/mitaan/mitaan-expre
ss/node_modules/framer-moti
on/dist/es/components/Anima
tePresence/index.mjs:44:28)
    at Suspense
    at main
    at div
    at ArticlesProvider (D:
/mitaan/mitaan-express/src/
context/ArticlesContext.jsx
:15:29)
    at App (D:/mitaan/mitaa
n-express/src/App.jsx:30:69
)
    at Router (file:///D:/m
itaan/mitaan-express/node_m
odules/react-router/dist/de
velopment/chunk-JZWAC4HX.mj
s:6594:13)
    at MemoryRouter (file:/
//D:/mitaan/mitaan-express/
node_modules/react-router/d
ist/development/chunk-JZWAC
4HX.mjs:6510:3)
    at QueryClientProvider 
(file:///D:/mitaan/mitaan-e
xpress/node_modules/@tansta
ck/react-query/build/modern
/QueryClientProvider.js:20:
3)

Consider adding an error 
boundary to your tree to 
customize error handling 
behavior.
Visit https://reactjs.org/l
ink/error-boundaries to 
learn more about error 
boundaries.
The above error occurred 
in the 
<ForwardRef(motion.div)> 
component:

    at MotionComponent (fil
e:///D:/mitaan/mitaan-expre
ss/node_modules/framer-moti
on/dist/es/motion/index.mjs
:36:16)
    at div
    at section
    at div
    at AboutPage (D:/mitaan
/mitaan-express/src/pages/A
boutPage.jsx:6:22)
    at RenderedRoute (file:
///D:/mitaan/mitaan-express
/node_modules/react-router/
dist/development/chunk-JZWA
C4HX.mjs:5853:26)
    at Routes (file:///D:/m
itaan/mitaan-express/node_m
odules/react-router/dist/de
velopment/chunk-JZWAC4HX.mj
s:6653:3)
    at PresenceChild (file:
///D:/mitaan/mitaan-express
/node_modules/framer-motion
/dist/es/components/Animate
Presence/PresenceChild.mjs:
9:26)
    at AnimatePresence (fil
e:///D:/mitaan/mitaan-expre
ss/node_modules/framer-moti
on/dist/es/components/Anima
tePresence/index.mjs:44:28)
    at Suspense
    at main
    at div
    at ArticlesProvider (D:
/mitaan/mitaan-express/src/
context/ArticlesContext.jsx
:15:29)
    at App (D:/mitaan/mitaa
n-express/src/App.jsx:30:69
)
    at Router (file:///D:/m
itaan/mitaan-express/node_m
odules/react-router/dist/de
velopment/chunk-JZWAC4HX.mj
s:6594:13)
    at MemoryRouter (file:/
//D:/mitaan/mitaan-express/
node_modules/react-router/d
ist/development/chunk-JZWAC
4HX.mjs:6510:3)
    at QueryClientProvider 
(file:///D:/mitaan/mitaan-e
xpress/node_modules/@tansta
ck/react-query/build/modern
/QueryClientProvider.js:20:
3)

Consider adding an error 
boundary to your tree to 
customize error handling 
behavior.
Visit https://reactjs.org/l
ink/error-boundaries to 
learn more about error 
boundaries.
The above error occurred 
in the 
<ForwardRef(motion.div)> 
component:

    at MotionComponent (fil
e:///D:/mitaan/mitaan-expre
ss/node_modules/framer-moti
on/dist/es/motion/index.mjs
:36:16)
    at div
    at section
    at div
    at AboutPage (D:/mitaan
/mitaan-express/src/pages/A
boutPage.jsx:6:22)
    at RenderedRoute (file:
///D:/mitaan/mitaan-express
/node_modules/react-router/
dist/development/chunk-JZWA
C4HX.mjs:5853:26)
    at Routes (file:///D:/m
itaan/mitaan-express/node_m
odules/react-router/dist/de
velopment/chunk-JZWAC4HX.mj
s:6653:3)
    at PresenceChild (file:
///D:/mitaan/mitaan-express
/node_modules/framer-motion
/dist/es/components/Animate
Presence/PresenceChild.mjs:
9:26)
    at AnimatePresence (fil
e:///D:/mitaan/mitaan-expre
ss/node_modules/framer-moti
on/dist/es/components/Anima
tePresence/index.mjs:44:28)
    at Suspense
    at main
    at div
    at ArticlesProvider (D:
/mitaan/mitaan-express/src/
context/ArticlesContext.jsx
:15:29)
    at App (D:/mitaan/mitaa
n-express/src/App.jsx:30:69
)
    at Router (file:///D:/m
itaan/mitaan-express/node_m
odules/react-router/dist/de
velopment/chunk-JZWAC4HX.mj
s:6594:13)
    at MemoryRouter (file:/
//D:/mitaan/mitaan-express/
node_modules/react-router/d
ist/development/chunk-JZWAC
4HX.mjs:6510:3)
    at QueryClientProvider 
(file:///D:/mitaan/mitaan-e
xpress/node_modules/@tansta
ck/react-query/build/modern
/QueryClientProvider.js:20:
3)

Consider adding an error 
boundary to your tree to 
customize error handling 
behavior.
Visit https://reactjs.org/l
ink/error-boundaries to 
learn more about error 
boundaries.
The above error occurred 
in the 
<ForwardRef(motion.div)> 
component:

    at MotionComponent (fil
e:///D:/mitaan/mitaan-expre
ss/node_modules/framer-moti
on/dist/es/motion/index.mjs
:36:16)
    at div
    at MotionComponent (fil
e:///D:/mitaan/mitaan-expre
ss/node_modules/framer-moti
on/dist/es/motion/index.mjs
:36:16)
    at div
    at section
    at div
    at AboutPage (D:/mitaan
/mitaan-express/src/pages/A
boutPage.jsx:6:22)
    at RenderedRoute (file:
///D:/mitaan/mitaan-express
/node_modules/react-router/
dist/development/chunk-JZWA
C4HX.mjs:5853:26)
    at Routes (file:///D:/m
itaan/mitaan-express/node_m
odules/react-router/dist/de
velopment/chunk-JZWAC4HX.mj
s:6653:3)
    at PresenceChild (file:
///D:/mitaan/mitaan-express
/node_modules/framer-motion
/dist/es/components/Animate
Presence/PresenceChild.mjs:
9:26)
    at AnimatePresence (fil
e:///D:/mitaan/mitaan-expre
ss/node_modules/framer-moti
on/dist/es/components/Anima
tePresence/index.mjs:44:28)
    at Suspense
    at main
    at div
    at ArticlesProvider (D:
/mitaan/mitaan-express/src/
context/ArticlesContext.jsx
:15:29)
    at App (D:/mitaan/mitaa
n-express/src/App.jsx:30:69
)
    at Router (file:///D:/m
itaan/mitaan-express/node_m
odules/react-router/dist/de
velopment/chunk-JZWAC4HX.mj
s:6594:13)
    at MemoryRouter (file:/
//D:/mitaan/mitaan-express/
node_modules/react-router/d
ist/development/chunk-JZWAC
4HX.mjs:6510:3)
    at QueryClientProvider 
(file:///D:/mitaan/mitaan-e
xpress/node_modules/@tansta
ck/react-query/build/modern
/QueryClientProvider.js:20:
3)

Consider adding an error 
boundary to your tree to 
customize error handling 
behavior.
Visit https://reactjs.org/l
ink/error-boundaries to 
learn more about error 
boundaries.
The above error occurred 
in the 
<ForwardRef(motion.div)> 
component:

    at MotionComponent (fil
e:///D:/mitaan/mitaan-expre
ss/node_modules/framer-moti
on/dist/es/motion/index.mjs
:36:16)
    at div
    at section
    at div
    at AboutPage (D:/mitaan
/mitaan-express/src/pages/A
boutPage.jsx:6:22)
    at RenderedRoute (file:
///D:/mitaan/mitaan-express
/node_modules/react-router/
dist/development/chunk-JZWA
C4HX.mjs:5853:26)
    at Routes (file:///D:/m
itaan/mitaan-express/node_m
odules/react-router/dist/de
velopment/chunk-JZWAC4HX.mj
s:6653:3)
    at PresenceChild (file:
///D:/mitaan/mitaan-express
/node_modules/framer-motion
/dist/es/components/Animate
Presence/PresenceChild.mjs:
9:26)
    at AnimatePresence (fil
e:///D:/mitaan/mitaan-expre
ss/node_modules/framer-moti
on/dist/es/components/Anima
tePresence/index.mjs:44:28)
    at Suspense
    at main
    at div
    at ArticlesProvider (D:
/mitaan/mitaan-express/src/
context/ArticlesContext.jsx
:15:29)
    at App (D:/mitaan/mitaa
n-express/src/App.jsx:30:69
)
    at Router (file:///D:/m
itaan/mitaan-express/node_m
odules/react-router/dist/de
velopment/chunk-JZWAC4HX.mj
s:6594:13)
    at MemoryRouter (file:/
//D:/mitaan/mitaan-express/
node_modules/react-router/d
ist/development/chunk-JZWAC
4HX.mjs:6510:3)
    at QueryClientProvider 
(file:///D:/mitaan/mitaan-e
xpress/node_modules/@tansta
ck/react-query/build/modern
/QueryClientProvider.js:20:
3)

Consider adding an error 
boundary to your tree to 
customize error handling 
behavior.
Visit https://reactjs.org/l
ink/error-boundaries to 
learn more about error 
boundaries.
The above error occurred 
in the 
<ForwardRef(motion.div)> 
component:

    at MotionComponent (fil
e:///D:/mitaan/mitaan-expre
ss/node_modules/framer-moti
on/dist/es/motion/index.mjs
:36:16)
    at div
    at div
    at section
    at div
    at AboutPage (D:/mitaan
/mitaan-express/src/pages/A
boutPage.jsx:6:22)
    at RenderedRoute (file:
///D:/mitaan/mitaan-express
/node_modules/react-router/
dist/development/chunk-JZWA
C4HX.mjs:5853:26)
    at Routes (file:///D:/m
itaan/mitaan-express/node_m
odules/react-router/dist/de
velopment/chunk-JZWAC4HX.mj
s:6653:3)
    at PresenceChild (file:
///D:/mitaan/mitaan-express
/node_modules/framer-motion
/dist/es/components/Animate
Presence/PresenceChild.mjs:
9:26)
    at AnimatePresence (fil
e:///D:/mitaan/mitaan-expre
ss/node_modules/framer-moti
on/dist/es/components/Anima
tePresence/index.mjs:44:28)
    at Suspense
    at main
    at div
    at ArticlesProvider (D:
/mitaan/mitaan-express/src/
context/ArticlesContext.jsx
:15:29)
    at App (D:/mitaan/mitaa
n-express/src/App.jsx:30:69
)
    at Router (file:///D:/m
itaan/mitaan-express/node_m
odules/react-router/dist/de
velopment/chunk-JZWAC4HX.mj
s:6594:13)
    at MemoryRouter (file:/
//D:/mitaan/mitaan-express/
node_modules/react-router/d
ist/development/chunk-JZWAC
4HX.mjs:6510:3)
    at QueryClientProvider 
(file:///D:/mitaan/mitaan-e
xpress/node_modules/@tansta
ck/react-query/build/modern
/QueryClientProvider.js:20:
3)

Consider adding an error 
boundary to your tree to 
customize error handling 
behavior.
Visit https://reactjs.org/l
ink/error-boundaries to 
learn more about error 
boundaries.
The above error occurred 
in the 
<ForwardRef(motion.div)> 
component:

    at MotionComponent (fil
e:///D:/mitaan/mitaan-expre
ss/node_modules/framer-moti
on/dist/es/motion/index.mjs
:36:16)
    at div
    at div
    at section
    at div
    at AboutPage (D:/mitaan
/mitaan-express/src/pages/A
boutPage.jsx:6:22)
    at RenderedRoute (file:
///D:/mitaan/mitaan-express
/node_modules/react-router/
dist/development/chunk-JZWA
C4HX.mjs:5853:26)
    at Routes (file:///D:/m
itaan/mitaan-express/node_m
odules/react-router/dist/de
velopment/chunk-JZWAC4HX.mj
s:6653:3)
    at PresenceChild (file:
///D:/mitaan/mitaan-express
/node_modules/framer-motion
/dist/es/components/Animate
Presence/PresenceChild.mjs:
9:26)
    at AnimatePresence (fil
e:///D:/mitaan/mitaan-expre
ss/node_modules/framer-moti
on/dist/es/components/Anima
tePresence/index.mjs:44:28)
    at Suspense
    at main
    at div
    at ArticlesProvider (D:
/mitaan/mitaan-express/src/
context/ArticlesContext.jsx
:15:29)
    at App (D:/mitaan/mitaa
n-express/src/App.jsx:30:69
)
    at Router (file:///D:/m
itaan/mitaan-express/node_m
odules/react-router/dist/de
velopment/chunk-JZWAC4HX.mj
s:6594:13)
    at MemoryRouter (file:/
//D:/mitaan/mitaan-express/
node_modules/react-router/d
ist/development/chunk-JZWAC
4HX.mjs:6510:3)
    at QueryClientProvider 
(file:///D:/mitaan/mitaan-e
xpress/node_modules/@tansta
ck/react-query/build/modern
/QueryClientProvider.js:20:
3)

Consider adding an error 
boundary to your tree to 
customize error handling 
behavior.
Visit https://reactjs.org/l
ink/error-boundaries to 
learn more about error 
boundaries.
The above error occurred 
in the 
<ForwardRef(motion.div)> 
component:

    at MotionComponent (fil
e:///D:/mitaan/mitaan-expre
ss/node_modules/framer-moti
on/dist/es/motion/index.mjs
:36:16)
    at div
    at div
    at section
    at div
    at AboutPage (D:/mitaan
/mitaan-express/src/pages/A
boutPage.jsx:6:22)
    at RenderedRoute (file:
///D:/mitaan/mitaan-express
/node_modules/react-router/
dist/development/chunk-JZWA
C4HX.mjs:5853:26)
    at Routes (file:///D:/m
itaan/mitaan-express/node_m
odules/react-router/dist/de
velopment/chunk-JZWAC4HX.mj
s:6653:3)
    at PresenceChild (file:
///D:/mitaan/mitaan-express
/node_modules/framer-motion
/dist/es/components/Animate
Presence/PresenceChild.mjs:
9:26)
    at AnimatePresence (fil
e:///D:/mitaan/mitaan-expre
ss/node_modules/framer-moti
on/dist/es/components/Anima
tePresence/index.mjs:44:28)
    at Suspense
    at main
    at div
    at ArticlesProvider (D:
/mitaan/mitaan-express/src/
context/ArticlesContext.jsx
:15:29)
    at App (D:/mitaan/mitaa
n-express/src/App.jsx:30:69
)
    at Router (file:///D:/m
itaan/mitaan-express/node_m
odules/react-router/dist/de
velopment/chunk-JZWAC4HX.mj
s:6594:13)
    at MemoryRouter (file:/
//D:/mitaan/mitaan-express/
node_modules/react-router/d
ist/development/chunk-JZWAC
4HX.mjs:6510:3)
    at QueryClientProvider 
(file:///D:/mitaan/mitaan-e
xpress/node_modules/@tansta
ck/react-query/build/modern
/QueryClientProvider.js:20:
3)

Consider adding an error 
boundary to your tree to 
customize error handling 
behavior.
Visit https://reactjs.org/l
ink/error-boundaries to 
learn more about error 
boundaries.
The above error occurred 
in the 
<ForwardRef(motion.div)> 
component:

    at MotionComponent (fil
e:///D:/mitaan/mitaan-expre
ss/node_modules/framer-moti
on/dist/es/motion/index.mjs
:36:16)
    at div
    at div
    at section
    at div
    at AboutPage (D:/mitaan
/mitaan-express/src/pages/A
boutPage.jsx:6:22)
    at RenderedRoute (file:
///D:/mitaan/mitaan-express
/node_modules/react-router/
dist/development/chunk-JZWA
C4HX.mjs:5853:26)
    at Routes (file:///D:/m
itaan/mitaan-express/node_m
odules/react-router/dist/de
velopment/chunk-JZWAC4HX.mj
s:6653:3)
    at PresenceChild (file:
///D:/mitaan/mitaan-express
/node_modules/framer-motion
/dist/es/components/Animate
Presence/PresenceChild.mjs:
9:26)
    at AnimatePresence (fil
e:///D:/mitaan/mitaan-expre
ss/node_modules/framer-moti
on/dist/es/components/Anima
tePresence/index.mjs:44:28)
    at Suspense
    at main
    at div
    at ArticlesProvider (D:
/mitaan/mitaan-express/src/
context/ArticlesContext.jsx
:15:29)
    at App (D:/mitaan/mitaa
n-express/src/App.jsx:30:69
)
    at Router (file:///D:/m
itaan/mitaan-express/node_m
odules/react-router/dist/de
velopment/chunk-JZWAC4HX.mj
s:6594:13)
    at MemoryRouter (file:/
//D:/mitaan/mitaan-express/
node_modules/react-router/d
ist/development/chunk-JZWAC
4HX.mjs:6510:3)
    at QueryClientProvider 
(file:///D:/mitaan/mitaan-e
xpress/node_modules/@tansta
ck/react-query/build/modern
/QueryClientProvider.js:20:
3)

Consider adding an error 
boundary to your tree to 
customize error handling 
behavior.
Visit https://reactjs.org/l
ink/error-boundaries to 
learn more about error 
boundaries.
The above error occurred 
in the 
<ForwardRef(motion.div)> 
component:

    at MotionComponent (fil
e:///D:/mitaan/mitaan-expre
ss/node_modules/framer-moti
on/dist/es/motion/index.mjs
:36:16)
    at div
    at div
    at section
    at div
    at AboutPage (D:/mitaan
/mitaan-express/src/pages/A
boutPage.jsx:6:22)
    at RenderedRoute (file:
///D:/mitaan/mitaan-express
/node_modules/react-router/
dist/development/chunk-JZWA
C4HX.mjs:5853:26)
    at Routes (file:///D:/m
itaan/mitaan-express/node_m
odules/react-router/dist/de
velopment/chunk-JZWAC4HX.mj
s:6653:3)
    at PresenceChild (file:
///D:/mitaan/mitaan-express
/node_modules/framer-motion
/dist/es/components/Animate
Presence/PresenceChild.mjs:
9:26)
    at AnimatePresence (fil
e:///D:/mitaan/mitaan-expre
ss/node_modules/framer-moti
on/dist/es/components/Anima
tePresence/index.mjs:44:28)
    at Suspense
    at main
    at div
    at ArticlesProvider (D:
/mitaan/mitaan-express/src/
context/ArticlesContext.jsx
:15:29)
    at App (D:/mitaan/mitaa
n-express/src/App.jsx:30:69
)
    at Router (file:///D:/m
itaan/mitaan-express/node_m
odules/react-router/dist/de
velopment/chunk-JZWAC4HX.mj
s:6594:13)
    at MemoryRouter (file:/
//D:/mitaan/mitaan-express/
node_modules/react-router/d
ist/development/chunk-JZWAC
4HX.mjs:6510:3)
    at QueryClientProvider 
(file:///D:/mitaan/mitaan-e
xpress/node_modules/@tansta
ck/react-query/build/modern
/QueryClientProvider.js:20:
3)

Consider adding an error 
boundary to your tree to 
customize error handling 
behavior.
Visit https://reactjs.org/l
ink/error-boundaries to 
learn more about error 
boundaries.
The above error occurred 
in the 
<ForwardRef(motion.div)> 
component:

    at MotionComponent (fil
e:///D:/mitaan/mitaan-expre
ss/node_modules/framer-moti
on/dist/es/motion/index.mjs
:36:16)
    at div
    at div
    at section
    at div
    at AboutPage (D:/mitaan
/mitaan-express/src/pages/A
boutPage.jsx:6:22)
    at RenderedRoute (file:
///D:/mitaan/mitaan-express
/node_modules/react-router/
dist/development/chunk-JZWA
C4HX.mjs:5853:26)
    at Routes (file:///D:/m
itaan/mitaan-express/node_m
odules/react-router/dist/de
velopment/chunk-JZWAC4HX.mj
s:6653:3)
    at PresenceChild (file:
///D:/mitaan/mitaan-express
/node_modules/framer-motion
/dist/es/components/Animate
Presence/PresenceChild.mjs:
9:26)
    at AnimatePresence (fil
e:///D:/mitaan/mitaan-expre
ss/node_modules/framer-moti
on/dist/es/components/Anima
tePresence/index.mjs:44:28)
    at Suspense
    at main
    at div
    at ArticlesProvider (D:
/mitaan/mitaan-express/src/
context/ArticlesContext.jsx
:15:29)
    at App (D:/mitaan/mitaa
n-express/src/App.jsx:30:69
)
    at Router (file:///D:/m
itaan/mitaan-express/node_m
odules/react-router/dist/de
velopment/chunk-JZWAC4HX.mj
s:6594:13)
    at MemoryRouter (file:/
//D:/mitaan/mitaan-express/
node_modules/react-router/d
ist/development/chunk-JZWAC
4HX.mjs:6510:3)
    at QueryClientProvider 
(file:///D:/mitaan/mitaan-e
xpress/node_modules/@tansta
ck/react-query/build/modern
/QueryClientProvider.js:20:
3)

Consider adding an error 
boundary to your tree to 
customize error handling 
behavior.
Visit https://reactjs.org/l
ink/error-boundaries to 
learn more about error 
boundaries.
The above error occurred 
in the 
<ForwardRef(motion.div)> 
component:

    at MotionComponent (fil
e:///D:/mitaan/mitaan-expre
ss/node_modules/framer-moti
on/dist/es/motion/index.mjs
:36:16)
    at div
    at div
    at section
    at div
    at AboutPage (D:/mitaan
/mitaan-express/src/pages/A
boutPage.jsx:6:22)
    at RenderedRoute (file:
///D:/mitaan/mitaan-express
/node_modules/react-router/
dist/development/chunk-JZWA
C4HX.mjs:5853:26)
    at Routes (file:///D:/m
itaan/mitaan-express/node_m
odules/react-router/dist/de
velopment/chunk-JZWAC4HX.mj
s:6653:3)
    at PresenceChild (file:
///D:/mitaan/mitaan-express
/node_modules/framer-motion
/dist/es/components/Animate
Presence/PresenceChild.mjs:
9:26)
    at AnimatePresence (fil
e:///D:/mitaan/mitaan-expre
ss/node_modules/framer-moti
on/dist/es/components/Anima
tePresence/index.mjs:44:28)
    at Suspense
    at main
    at div
    at ArticlesProvider (D:
/mitaan/mitaan-express/src/
context/ArticlesContext.jsx
:15:29)
    at App (D:/mitaan/mitaa
n-express/src/App.jsx:30:69
)
    at Router (file:///D:/m
itaan/mitaan-express/node_m
odules/react-router/dist/de
velopment/chunk-JZWAC4HX.mj
s:6594:13)
    at MemoryRouter (file:/
//D:/mitaan/mitaan-express/
node_modules/react-router/d
ist/development/chunk-JZWAC
4HX.mjs:6510:3)
    at QueryClientProvider 
(file:///D:/mitaan/mitaan-e
xpress/node_modules/@tansta
ck/react-query/build/modern
/QueryClientProvider.js:20:
3)

Consider adding an error 
boundary to your tree to 
customize error handling 
behavior.
Visit https://reactjs.org/l
ink/error-boundaries to 
learn more about error 
boundaries.
The above error occurred 
in the 
<ForwardRef(motion.div)> 
component:

    at MotionComponent (fil
e:///D:/mitaan/mitaan-expre
ss/node_modules/framer-moti
on/dist/es/motion/index.mjs
:36:16)
    at div
    at div
    at section
    at div
    at AboutPage (D:/mitaan
/mitaan-express/src/pages/A
boutPage.jsx:6:22)
    at RenderedRoute (file:
///D:/mitaan/mitaan-express
/node_modules/react-router/
dist/development/chunk-JZWA
C4HX.mjs:5853:26)
    at Routes (file:///D:/m
itaan/mitaan-express/node_m
odules/react-router/dist/de
velopment/chunk-JZWAC4HX.mj
s:6653:3)
    at PresenceChild (file:
///D:/mitaan/mitaan-express
/node_modules/framer-motion
/dist/es/components/Animate
Presence/PresenceChild.mjs:
9:26)
    at AnimatePresence (fil
e:///D:/mitaan/mitaan-expre
ss/node_modules/framer-moti
on/dist/es/components/Anima
tePresence/index.mjs:44:28)
    at Suspense
    at main
    at div
    at ArticlesProvider (D:
/mitaan/mitaan-express/src/
context/ArticlesContext.jsx
:15:29)
    at App (D:/mitaan/mitaa
n-express/src/App.jsx:30:69
)
    at Router (file:///D:/m
itaan/mitaan-express/node_m
odules/react-router/dist/de
velopment/chunk-JZWAC4HX.mj
s:6594:13)
    at MemoryRouter (file:/
//D:/mitaan/mitaan-express/
node_modules/react-router/d
ist/development/chunk-JZWAC
4HX.mjs:6510:3)
    at QueryClientProvider 
(file:///D:/mitaan/mitaan-e
xpress/node_modules/@tansta
ck/react-query/build/modern
/QueryClientProvider.js:20:
3)

Consider adding an error 
boundary to your tree to 
customize error handling 
behavior.
Visit https://reactjs.org/l
ink/error-boundaries to 
learn more about error 
boundaries.
The above error occurred 
in the 
<ForwardRef(motion.div)> 
component:

    at MotionComponent (fil
e:///D:/mitaan/mitaan-expre
ss/node_modules/framer-moti
on/dist/es/motion/index.mjs
:36:16)
    at section
    at div
    at AboutPage (D:/mitaan
/mitaan-express/src/pages/A
boutPage.jsx:6:22)
    at RenderedRoute (file:
///D:/mitaan/mitaan-express
/node_modules/react-router/
dist/development/chunk-JZWA
C4HX.mjs:5853:26)
    at Routes (file:///D:/m
itaan/mitaan-express/node_m
odules/react-router/dist/de
velopment/chunk-JZWAC4HX.mj
s:6653:3)
    at PresenceChild (file:
///D:/mitaan/mitaan-express
/node_modules/framer-motion
/dist/es/components/Animate
Presence/PresenceChild.mjs:
9:26)
    at AnimatePresence (fil
e:///D:/mitaan/mitaan-expre
ss/node_modules/framer-moti
on/dist/es/components/Anima
tePresence/index.mjs:44:28)
    at Suspense
    at main
    at div
    at ArticlesProvider (D:
/mitaan/mitaan-express/src/
context/ArticlesContext.jsx
:15:29)
    at App (D:/mitaan/mitaa
n-express/src/App.jsx:30:69
)
    at Router (file:///D:/m
itaan/mitaan-express/node_m
odules/react-router/dist/de
velopment/chunk-JZWAC4HX.mj
s:6594:13)
    at MemoryRouter (file:/
//D:/mitaan/mitaan-express/
node_modules/react-router/d
ist/development/chunk-JZWAC
4HX.mjs:6510:3)
    at QueryClientProvider 
(file:///D:/mitaan/mitaan-e
xpress/node_modules/@tansta
ck/react-query/build/modern
/QueryClientProvider.js:20:
3)

Consider adding an error 
boundary to your tree to 
customize error handling 
behavior.
Visit https://reactjs.org/l
ink/error-boundaries to 
learn more about error 
boundaries.

[90mstderr[2m | src/tests
/navbar.test.jsx[2m > 
[22m[2mNavbar Navigation 
Tests[2m > 
[22m[2mdisplays Hindi 
text when language is set 
to Hindi
[22m[39mWarning: An 
update to Navbar inside a 
test was not wrapped in 
act(...).

When testing, code that 
causes React state updates 
should be wrapped into 
act(...):

act(() => {
  /* fire events that 
update state */
});
/* assert on the output */

This ensures that you're 
testing the behavior the 
user would see in the 
browser. Learn more at http
s://reactjs.org/link/wrap-t
ests-with-act
    at Navbar (D:/mitaan/mi
taan-express/src/components
/Navbar.jsx:49:3)
    at Router (file:///D:/m
itaan/mitaan-express/node_m
odules/react-router/dist/de
velopment/chunk-JZWAC4HX.mj
s:6594:13)
    at MemoryRouter (file:/
//D:/mitaan/mitaan-express/
node_modules/react-router/d
ist/development/chunk-JZWAC
4HX.mjs:6510:3)
    at QueryClientProvider 
(file:///D:/mitaan/mitaan-e
xpress/node_modules/@tansta
ck/react-query/build/modern
/QueryClientProvider.js:20:
3)

[90mstderr[2m | src/tests
/navbar.test.jsx[2m > 
[22m[2mNavbar Navigation 
Tests[2m > 
[22m[2mhighlights active 
category
[22m[39mWarning: An 
update to Navbar inside a 
test was not wrapped in 
act(...).

When testing, code that 
causes React state updates 
should be wrapped into 
act(...):

act(() => {
  /* fire events that 
update state */
});
/* assert on the output */

This ensures that you're 
testing the behavior the 
user would see in the 
browser. Learn more at http
s://reactjs.org/link/wrap-t
ests-with-act
    at Navbar (D:/mitaan/mi
taan-express/src/components
/Navbar.jsx:49:3)
    at Router (file:///D:/m
itaan/mitaan-express/node_m
odules/react-router/dist/de
velopment/chunk-JZWAC4HX.mj
s:6594:13)
    at MemoryRouter (file:/
//D:/mitaan/mitaan-express/
node_modules/react-router/d
ist/development/chunk-JZWAC
4HX.mjs:6510:3)
    at QueryClientProvider 
(file:///D:/mitaan/mitaan-e
xpress/node_modules/@tansta
ck/react-query/build/modern
/QueryClientProvider.js:20:
3)

 [32mΓ£ô[39m src/tests/navbar.test.jsx [2m([22m[2m9 tests[22m[2m)[22m[33m 450[2mms[22m[39m
[90mstderr[2m | src/tests
/smoke.test.jsx[2m > 
[22m[2mProject Smoke 
Tests[2m > 
[22m[2mrenders 404 for 
unknown route
[22m[39mNo routes 
matched location 
"/unknown-route-xyz" 

 [31mΓ¥»[39m src/tests/smoke.test.jsx [2m([22m[2m6 tests[22m[2m | [22m[31m4 failed[39m[2m)[22m[33m 4378[2mms[22m[39m
     [32mΓ£ô[39m renders HomePage without crashing[32m 137[2mms[22m[39m
[31m     [31m├ù[31m renders AboutPage without crashing[39m[33m 1030[2mms[22m[39m
[31m     [31m├ù[31m renders ContactPage without crashing[39m[33m 1038[2mms[22m[39m
[31m     [31m├ù[31m renders BlogsPage without crashing[39m[33m 1056[2mms[22m[39m
[31m     [31m├ù[31m renders LoginPage (Admin Entry) without crashing[39m[33m 1019[2mms[22m[39m
     [32mΓ£ô[39m renders 404 for unknown route[32m 96[2mms[22m[39m

[31mΓÄ»ΓÄ»ΓÄ»ΓÄ»ΓÄ»ΓÄ»ΓÄ»
[39m[1m[41m Failed Tests 
7 [49m[22m[31mΓÄ»ΓÄ»ΓÄ»Γ
Ä»ΓÄ»ΓÄ»ΓÄ»[39m

[41m[1m FAIL [22m[49m s
rc/tests/HeroSlider.test.js
x[2m > 
[22mHeroSlider[2m > 
[22mshows default content 
initially
[41m[1m FAIL [22m[49m s
rc/tests/HeroSlider.test.js
x[2m > 
[22mHeroSlider[2m > 
[22mrenders slides after 
fetching data
[41m[1m FAIL [22m[49m s
rc/tests/HeroSlider.test.js
x[2m > 
[22mHeroSlider[2m > 
[22mhandles fetch error 
gracefully
[31m[1mError[22m: 
useArticles must be used 
within 
ArticlesProvider[39m
[36m [2mΓ¥»[22m 
useArticles src/context/Art
iclesContext.jsx:[2m9:15[
22m[39m
    [90m  7| [39m    
[35mconst[39m context 
[33m=[39m [34museContext
[39m([33mArticlesContext
[39m)[33m;[39m
    [90m  8| [39m    
[35mif[39m 
([33m![39mcontext) {
    [90m  9| [39m        
throw new 
Error('useArticles must be 
used within 
ArticlesProviΓÇª
    [90m   | [39m        
      [31m^[39m
    [90m 10| [39m    }
    [90m 11| [39m    
[35mreturn[39m 
context[33m;[39m
[90m [2mΓ¥»[22m 
HeroSlider src/components/H
eroSlider.jsx:[2m9:35[22m
[39m
[90m [2mΓ¥»[22m 
renderWithHooks node_module
s/react-dom/cjs/react-dom.d
evelopment.js:[2m15486:18
[22m[39m
[90m [2mΓ¥»[22m mountInd
eterminateComponent node_mo
dules/react-dom/cjs/react-d
om.development.js:[2m20103
:13[22m[39m
[90m [2mΓ¥»[22m 
beginWork node_modules/reac
t-dom/cjs/react-dom.develop
ment.js:[2m21626:16[22m[
39m
[90m [2mΓ¥»[22m 
beginWork$1 node_modules/re
act-dom/cjs/react-dom.devel
opment.js:[2m27465:14[22m
[39m
[90m [2mΓ¥»[22m 
performUnitOfWork node_modu
les/react-dom/cjs/react-dom
.development.js:[2m26599:1
2[22m[39m
[90m [2mΓ¥»[22m 
workLoopSync node_modules/r
eact-dom/cjs/react-dom.deve
lopment.js:[2m26505:5[22m
[39m
[90m [2mΓ¥»[22m 
renderRootSync node_modules
/react-dom/cjs/react-dom.de
velopment.js:[2m26473:7[2
2m[39m
[90m [2mΓ¥»[22m 
recoverFromConcurrentError 
node_modules/react-dom/cjs/
react-dom.development.js:[
2m25889:20[22m[39m

[31m[2mΓÄ»ΓÄ»ΓÄ»ΓÄ»ΓÄ»ΓÄ»
ΓÄ»ΓÄ»ΓÄ»ΓÄ»ΓÄ»ΓÄ»ΓÄ»ΓÄ»ΓÄ»
ΓÄ»ΓÄ»ΓÄ»ΓÄ»ΓÄ»ΓÄ»ΓÄ»ΓÄ»ΓÄ»
[1/7]ΓÄ»[22m[39m

[41m[1m FAIL [22m[49m s
rc/tests/smoke.test.jsx[2m
 > [22mProject Smoke 
Tests[2m > [22mrenders 
AboutPage without crashing
[31m[1mTestingLibraryElem
entError[22m: Unable to 
find an element with the 
text: /About/i. This could 
be because the text is 
broken up by multiple 
elements. In this case, 
you can provide a function 
for your text matcher to 
make your matcher more 
flexible.

Ignored nodes: comments, 
script, style
[36m<body[31m
  [33mclass[31m=[32m""[
31m
  [33mdata-aos-delay[31m=
[32m"0"[31m
  [33mdata-aos-duration[3
1m=[32m"1000"[31m
  [33mdata-aos-easing[31m
=[32m"ease-out-cubic"[31m
[36m>[31m
  [36m<div />[31m
[36m</body>[31m

Ignored nodes: comments, 
script, style
[36m<html>[31m
  [36m<head>[31m
    [36m<title>[31m
      [0mAbout Us - 
Mitaan Express[0m
    [36m</title>[31m
  [36m</head>[31m
  [36m<body[31m
    [33mclass[31m=[32m""
[31m
    [33mdata-aos-delay[31
m=[32m"0"[31m
    [33mdata-aos-duration
[31m=[32m"1000"[31m
    [33mdata-aos-easing[3
1m=[32m"ease-out-cubic"[3
1m
  [36m>[31m
    [36m<div />[31m
  [36m</body>[31m
[36m</html>[31m[39m
[90m [2mΓ¥»[22m 
waitForWrapper node_modules
/@testing-library/dom/dist/
wait-for.js:[2m163:27[22m
[39m
[36m [2mΓ¥»[22m src/test
s/smoke.test.jsx:[2m66:15
[22m[39m
    [90m 64| [39m    
[34mit[39m([32m'renders 
AboutPage without 
crashing'[39m[33m,[39m 
[35masync[39m () 
[33m=>[39m {
    [90m 65| [39m        
[34mrenderWithProviders[3
9m([33m<[39m[33mApp[39m
 [33m/[39m[33m>[39m[33
m,[39m { route[33m:[39m 
[32m'/about'[39m 
})[33m;[39m
    [90m 66| [39m        
[35mawait[39m 
[34mwaitFor[39m(() 
[33m=>[39m {
    [90m   | [39m        
      [31m^[39m
    [90m 67| [39m        
    [34mexpect[39m(screen
[33m.[39m[34mgetByText[
39m([36m/About/i[39m))[3
3m.[39m[34mtoBeInTheDocum
ent[39m()[33m;[39m
    [90m 68| [39m        
})[33m;[39m

[31m[2mΓÄ»ΓÄ»ΓÄ»ΓÄ»ΓÄ»ΓÄ»
ΓÄ»ΓÄ»ΓÄ»ΓÄ»ΓÄ»ΓÄ»ΓÄ»ΓÄ»ΓÄ»
ΓÄ»ΓÄ»ΓÄ»ΓÄ»ΓÄ»ΓÄ»ΓÄ»ΓÄ»ΓÄ»
[2/7]ΓÄ»[22m[39m

[41m[1m FAIL [22m[49m s
rc/tests/smoke.test.jsx[2m
 > [22mProject Smoke 
Tests[2m > [22mrenders 
ContactPage without 
crashing
[31m[1mTestingLibraryElem
entError[22m[39m: Found 
multiple elements with the 
text: /Contact/i

Here are the matching 
elements:

Ignored nodes: comments, 
script, style
[36m<p[39m
  [33mclass[39m=[32m"fon
t-bold text-lg"[39m
[36m>[39m
  [0mcontact@mitaanexpress
.in[0m
[36m</p>[39m

Ignored nodes: comments, 
script, style
[36m<span[39m
  [33mclass[39m=[32m"fon
t-bold"[39m
[36m>[39m
  [0mcontact@mitaanexpress
.in[0m
[36m</span>[39m

Ignored nodes: comments, 
script, style
[36m<p[39m
  [33mclass[39m=[32m"tex
t-sm font-medium 
text-slate-700 
dark:text-slate-300 
group-hover:text-red-600 
transition-colors"[39m
[36m>[39m
  [0mcontact@mitaanexpress
.in[0m
[36m</p>[39m

(If this is intentional, 
then use the `*AllBy*` 
variant of the query (like 
`queryAllByText`, 
`getAllByText`, or 
`findAllByText`)).

Ignored nodes: comments, 
script, style
[36m<body[39m
  [33mclass[39m=[32m"cus
tom-cursor-enabled"[39m
  [33mdata-aos-delay[39m=
[32m"0"[39m
  [33mdata-aos-duration[3
9m=[32m"1000"[39m
  [33mdata-aos-easing[39m
=[32m"ease-out-cubic"[39m
[36m>[39m
  [36m<div>[39m
    [36m<div[39m
      [33mclass[39m=[32m
"min-h-screen light 
bg-white dark:bg-[#030712] 
text-slate-900 
dark:text-white 
transition-colors 
duration-300 font-sans 
selection:bg-red-600 
selection:text-white"[39m
    [36m>[39m
      [36m<header[39m
        [33mclass[39m=[3
2m"fixed top-0 left-0 
right-0 z-[100] 
transition-all 
duration-700 bg-white/95 
dark:bg-[#030712]/95 
backdrop-blur-2xl 
shadow-2xl py-2"[39m
      [36m>[39m
        [36m<div[39m
          [33mclass[39m=
[32m"absolute top-0 left-0 
w-full h-[3px] 
bg-slate-100 
dark:bg-white/5 
overflow-hidden"[39m
        [36m>[39m
          [36m<div[39m
            [33mclass[39m
=[32m"h-full bg-red-600 
origin-left"[39m
            [33mstyle[39m
=[32m"transform: scaleX(0.
9689132132387973);"[39m
          [36m/>[39m
        [36m</div>[39m
        [36m<nav[39m
          [33mclass[39m=
[32m"max-w-[1600px] 
mx-auto px-6 lg:px-12 flex 
items-center 
justify-between 
relative"[39m
        [36m>[39m
          [36m<div[39m
            
[33mclass[39m=[32m"flex 
items-center gap-12"[39m
          [36m>[39m
            
[36m<button[39m
              
[33mclass[39m=[32m"flex 
items-center gap-4 group 
transition-colors 
text-slate-900 
dark:text-white"[39m
            [36m>[39m
              
[36m<div[39m
                [33mclass
[39m=[32m"relative 
overflow-hidden w-6 h-6 
flex flex-col 
justify-center 
gap-1.5"[39m
              [36m>[39m
                
[36m<span[39m
                  [33mclas
s[39m=[32m"h-0.5 w-6 
bg-current 
transition-transform 
duration-500 "[39m
                
[36m/>[39m
                
[36m<span[39m
                  [33mclas
s[39m=[32m"h-0.5 w-4 
bg-current 
transition-opacity 
duration-300 "[39m
                
[36m/>[39m
                
[36m<span[39m
                  [33mclas
s[39m=[32m"h-0.5 w-6 
bg-current 
transition-transform 
duration-500 "[39m
                
[36m/>[39m
              
[36m</div>[39m
              
[36m<span[39m
                [33mclass
[39m=[32m"hidden lg:block 
text-[10px] font-black 
uppercase tracking-[0.3em] 
group-hover:text-red-600 
transition-colors"[39m
              [36m>[39m
                [0mαñÅαñòα
Ñìαñ╕αñ¬αÑìαñ▓αÑïαñ░[0m
              
[36m</span>[39m
            
[36m</button>[39m
          [36m</div>[39m
          [36m<div[39m
            [33mclass[39m
=[32m"absolute left-1/2 
-translate-x-1/2"[39m
          [36m>[39m
            
[36m<button[39m
              [33mclass[3
9m=[32m"group flex 
items-center gap-2 
lg:gap-3"[39m
            [36m>[39m
              
[36m<div[39m
                
[33mclass[39m=[32m"w-8 
h-8 lg:w-9 lg:h-9 
bg-red-600 rounded 
lg:rounded-lg flex 
items-center 
justify-center text-white 
font-black text-sm 
lg:text-xl shadow-lg 
shadow-red-600/30"[39m
              [36m>[39m
                [0mM[0m
              
[36m</div>[39m
              
[36m<div[39m
                
[33mclass[39m=[32m"flex 
flex-col items-start 
leading-none"[39m
              [36m>[39m
                
[36m<h1[39m
                  [33mclas
s[39m=[32m"text-xl 
lg:text-2xl font-black 
tracking-tighter 
font-serif 
transition-colors 
whitespace-nowrap 
text-slate-900 
dark:text-white"[39m
                [36m>[39m
                  
[0mMITAAN EXPRESS[0m
                  
[36m<span[39m
                    [33mcl
ass[39m=[32m"text-red-600
"[39m
                  
[36m>[39m
                    
[0m.[0m
                  
[36m</span>[39m
                
[36m</h1>[39m
              
[36m</div>[39m
            
[36m</button>[39m
          [36m</div>[39m
          [36m<div[39m
            [33mclass[39m
=[32m"hidden lg:flex 
items-center gap-6 
lg:gap-10"[39m
          [36m>[39m
            
[36m<button[39m
              [33mclass[3
9m=[32m"text-[10px] 
font-black uppercase 
tracking-widest px-3 py-1 
border rounded-full 
transition-all 
text-slate-400 
border-slate-200 
hover:border-red-600 
hover:text-red-600"[39m
            [36m>[39m
              [0mHindi[0m
            
[36m</button>[39m
            
[36m<button[39m
              [33mclass[3
9m=[32m"transition-all 
hover:scale-110 
text-slate-400 
hover:text-red-600"[39m
            [36m>[39m
              
[36m<svg[39m
                [33mclass
[39m=[32m"lucide 
lucide-moon"[39m
                [33mfill[
39m=[32m"none"[39m
                [33mheight
[39m=[32m"20"[39m
                [33mstroke
[39m=[32m"currentColor"[
39m
                [33mstroke
-linecap[39m=[32m"round"
[39m
                [33mstroke
-linejoin[39m=[32m"round"
[39m
                [33mstroke
-width[39m=[32m"2"[39m
                
[33mviewBox[39m=[32m"0 
0 24 24"[39m
                [33mwidth
[39m=[32m"20"[39m
                [33mxmlns
[39m=[32m"http://www.w3.or
g/2000/svg"[39m
              [36m>[39m
                
[36m<path[39m
                  
[33md[39m=[32m"M12 3a6 
6 0 0 0 9 9 9 9 0 1 
1-9-9Z"[39m
                
[36m/>[39m
              
[36m</svg>[39m
            
[36m</button>[39m
            
[36m<button[39m
              
[33mclass[39m=[32m"px-4 
py-2 rounded-full 
font-bold text-sm 
transition-all bg-red-600 
text-white 
hover:bg-red-700 
shadow-lg"[39m
            [36m>[39m
              [0mLogin[0m
            
[36m</button>[39m
          [36m</div>[39m
        [36m</nav>[39m
      [36m</header>[39m
      [36m<main[39m
        [33mclass[39m=[3
2m"relative"[39m
      [36m>[39m
        [36m<div[39m
          [33mclass[39m=
[32m"min-h-screen bg-white 
dark:bg-[#030712] 
transition-colors 
pb-32"[39m
        [36m>[39m
          
[36m<section[39m
            [33mclass[39m
=[32m"relative h-[50vh] 
flex items-center 
justify-center 
overflow-hidden 
bg-slate-900"[39m
          [36m>[39m
            [36m<div[39m
              [33mclass[3
9m=[32m"absolute 
inset-0"[39m
            [36m>[39m
              
[36m<img[39m
                [33malt[3
9m=[32m"Contact Us"[39m
                [33mclass
[39m=[32m"w-full h-full 
object-cover opacity-30 
grayscale"[39m
                [33msrc[3
9m=[32m"https://images.uns
plash.com/photo-15239662115
75-eb4a01e7dd51?auto=format
&fit=crop&q=80&w=2000"[39m
              [36m/>[39m
              
[36m<div[39m
                [33mclass
[39m=[32m"absolute 
inset-0 bg-gradient-to-t 
from-[#030712] 
via-[#030712]/60 
to-transparent"[39m
              [36m/>[39m
            
[36m</div>[39m
            [36m<div[39m
              [33mclass[3
9m=[32m"relative z-10 
max-w-7xl mx-auto px-6 
text-center space-y-6"[39m
            [36m>[39m
              
[36m<div[39m
                [33mclass
[39m=[32m"space-y-4"[39m
                [33mstyle
[39m=[32m"opacity: 1; 
transform: none;"[39m
              [36m>[39m
            ...

Ignored nodes: comments, 
script, style
[36m<html>[39m
  [36m<head>[39m
    [36m<title>[39m
      [0mContact Us - 
Mitaan Express[0m
    [36m</title>[39m
  [36m</head>[39m
  [36m<body[39m
    [33mclass[39m=[32m"c
ustom-cursor-enabled"[39m
    [33mdata-aos-delay[39
m=[32m"0"[39m
    [33mdata-aos-duration
[39m=[32m"1000"[39m
    [33mdata-aos-easing[3
9m=[32m"ease-out-cubic"[3
9m
  [36m>[39m
    [36m<div>[39m
      [36m<div[39m
        [33mclass[39m=[3
2m"min-h-screen light 
bg-white dark:bg-[#030712] 
text-slate-900 
dark:text-white 
transition-colors 
duration-300 font-sans 
selection:bg-red-600 
selection:text-white"[39m
      [36m>[39m
        [36m<header[39m
          [33mclass[39m=
[32m"fixed top-0 left-0 
right-0 z-[100] 
transition-all 
duration-700 bg-white/95 
dark:bg-[#030712]/95 
backdrop-blur-2xl 
shadow-2xl py-2"[39m
        [36m>[39m
          [36m<div[39m
            [33mclass[39m
=[32m"absolute top-0 
left-0 w-full h-[3px] 
bg-slate-100 
dark:bg-white/5 
overflow-hidden"[39m
          [36m>[39m
            [36m<div[39m
              [33mclass[3
9m=[32m"h-full bg-red-600 
origin-left"[39m
              [33mstyle[3
9m=[32m"transform: scaleX(
0.9689132132387973);"[39m
            [36m/>[39m
          [36m</div>[39m
          [36m<nav[39m
            [33mclass[39m
=[32m"max-w-[1600px] 
mx-auto px-6 lg:px-12 flex 
items-center 
justify-between 
relative"[39m
          [36m>[39m
            [36m<div[39m
              
[33mclass[39m=[32m"flex 
items-center gap-12"[39m
            [36m>[39m
              
[36m<button[39m
                
[33mclass[39m=[32m"flex 
items-center gap-4 group 
transition-colors 
text-slate-900 
dark:text-white"[39m
              [36m>[39m
                
[36m<div[39m
                  [33mclas
s[39m=[32m"relative 
overflow-hidden w-6 h-6 
flex flex-col 
justify-center 
gap-1.5"[39m
                [36m>[39m
                  
[36m<span[39m
                    [33mcl
ass[39m=[32m"h-0.5 w-6 
bg-current 
transition-transform 
duration-500 "[39m
                  
[36m/>[39m
                  
[36m<span[39m
                    [33mcl
ass[39m=[32m"h-0.5 w-4 
bg-current 
transition-opacity 
duration-300 "[39m
                  
[36m/>[39m
                  
[36m<span[39m
                    [33mcl
ass[39m=[32m"h-0.5 w-6 
bg-current 
transition-transform 
duration-500 "[39m
                  
[36m/>[39m
                
[36m</div>[39m
                
[36m<span[39m
                  [33mclas
s[39m=[32m"hidden 
lg:block text-[10px] 
font-black uppercase 
tracking-[0.3em] 
group-hover:text-red-600 
transition-colors"[39m
                [36m>[39m
                  [0mαñÅαñ
òαÑìαñ╕αñ¬αÑìαñ▓αÑïαñ░[0m
                
[36m</span>[39m
              
[36m</button>[39m
            
[36m</div>[39m
            [36m<div[39m
              [33mclass[3
9m=[32m"absolute left-1/2 
-translate-x-1/2"[39m
            [36m>[39m
              
[36m<button[39m
                [33mclass
[39m=[32m"group flex 
items-center gap-2 
lg:gap-3"[39m
              [36m>[39m
                
[36m<div[39m
                  
[33mclass[39m=[32m"w-8 
h-8 lg:w-9 lg:h-9 
bg-red-600 rounded 
lg:rounded-lg flex 
items-center 
justify-center text-white 
font-black text-sm 
lg:text-xl shadow-lg 
shadow-red-600/30"[39m
                [36m>[39m
                  [0mM[0m
                
[36m</div>[39m
                
[36m<div[39m
                  
[33mclass[39m=[32m"flex 
flex-col items-start 
leading-none"[39m
                [36m>[39m
                  
[36m<h1[39m
                    [33mcl
ass[39m=[32m"text-xl 
lg:text-2xl font-black 
tracking-tighter 
font-serif 
transition-colors 
whitespace-nowrap 
text-slate-900 
dark:text-white"[39m
                  
[36m>[39m
                    
[0mMITAAN EXPRESS[0m
                    
[36m<span[39m
                      [33m
class[39m=[32m"text-red-6
00"[39m
                    
[36m>[39m
                      
[0m.[0m
                    
[36m</span>[39m
                  
[36m</h1>[39m
                
[36m</div>[39m
              
[36m</button>[39m
            
[36m</div>[39m
            [36m<div[39m
              [33mclass[3
9m=[32m"hidden lg:flex 
items-center gap-6 
lg:gap-10"[39m
            [36m>[39m
              
[36m<button[39m
                [33mclass
[39m=[32m"text-[10px] 
font-black uppercase 
tracking-widest px-3 py-1 
border rounded-full 
transition-all 
text-slate-400 
border-slate-200 
hover:border-red-600 
hover:text-red-600"[39m
              [36m>[39m
                
[0mHindi[0m
              
[36m</button>[39m
              
[36m<button[39m
                [33mclass
[39m=[32m"transition-all 
hover:scale-110 
text-slate-400 
hover:text-red-600"[39m
              [36m>[39m
                
[36m<svg[39m
                  [33mclas
s[39m=[32m"lucide 
lucide-moon"[39m
                  [33mfill
[39m=[32m"none"[39m
                  [33mheig
ht[39m=[32m"20"[39m
                  [33mstro
ke[39m=[32m"currentColor"
[39m
                  [33mstro
ke-linecap[39m=[32m"round
"[39m
                  [33mstro
ke-linejoin[39m=[32m"roun
d"[39m
                  [33mstro
ke-width[39m=[32m"2"[39m
                  
[33mviewBox[39m=[32m"0 
0 24 24"[39m
                  [33mwidt
h[39m=[32m"20"[39m
                  [33mxmln
s[39m=[32m"http://www.w3.
org/2000/svg"[39m
                [36m>[39m
                  
[36m<path[39m
                    
[33md[39m=[32m"M12 3a6 
6 0 0 0 9 9 9 9 0 1 
1-9-9Z"[39m
                  
[36m/>[39m
                
[36m</svg>[39m
              
[36m</button>[39m
              
[36m<button[39m
                
[33mclass[39m=[32m"px-4 
py-2 rounded-full 
font-bold text-sm 
transition-all bg-red-600 
text-white 
hover:bg-red-700 
shadow-lg"[39m
              [36m>[39m
                
[0mLogin[0m
              
[36m</button>[39m
            
[36m</div>[39m
          [36m</nav>[39m
        [36m</header>[39m
        [36m<main[39m
          [33mclass[39m=
[32m"relative"[39m
        [36m>[39m
          [36m<div[39m
            [33mclass[39m
=[32m"min-h-screen 
bg-white dark:bg-[#030712] 
transition-colors 
pb-32"[39m
          [36m>[39m
            
[36m<section[39m
              [33mclass[3
9m=[32m"relative h-[50vh] 
flex items-center 
justify-center 
overflow-hidden 
bg-slate-900"[39m
            [36m>[39m
              
[36m<div[39m
                [33mclass
[39m=[32m"absolute 
inset-0"[39m
              [36m>[39m
                
[36m<img[39m
                  [33malt
[39m=[32m"Contact Us"[39m
                  [33mclas
s[39m=[32m"w-full h-full 
object-cover opacity-30 
grayscale"[39m
                  [33msrc
[39m=[32m"https://images.u
nsplash.com/photo-152396621
1575-eb4a01e7dd51?auto=form
at&fit=crop&q=80&w=2000"[3
9m
                
[36m/>[39m
                
[36m<div[39m
                  [33mclas
s[39m=[32m"absolute 
inset-0 bg-gradient-to-t 
from-[#030712] 
via-[#030712]/60 
to-transparent"...
[90m [2mΓ¥»[22m 
waitForWrapper node_modules
/@testing-library/dom/dist/
wait-for.js:[2m163:27[22m
[39m
[36m [2mΓ¥»[22m src/test
s/smoke.test.jsx:[2m73:15
[22m[39m
    [90m 71| [39m    
[34mit[39m([32m'renders 
ContactPage without 
crashing'[39m[33m,[39m 
[35masync[39m () 
[33m=>[39m {
    [90m 72| [39m        
[34mrenderWithProviders[3
9m([33m<[39m[33mApp[39m
 [33m/[39m[33m>[39m[33
m,[39m { route[33m:[39m 
[32m'/contact'[39m 
})[33m;[39m
    [90m 73| [39m        
[35mawait[39m 
[34mwaitFor[39m(() 
[33m=>[39m {
    [90m   | [39m        
      [31m^[39m
    [90m 74| [39m        
    [34mexpect[39m(screen
[33m.[39m[34mgetByText[
39m([36m/Contact/i[39m))
[33m.[39m[34mtoBeInTheDoc
ument[39m()[33m;[39m
    [90m 75| [39m        
})[33m;[39m

[31m[2mΓÄ»ΓÄ»ΓÄ»ΓÄ»ΓÄ»ΓÄ»
ΓÄ»ΓÄ»ΓÄ»ΓÄ»ΓÄ»ΓÄ»ΓÄ»ΓÄ»ΓÄ»
ΓÄ»ΓÄ»ΓÄ»ΓÄ»ΓÄ»ΓÄ»ΓÄ»ΓÄ»ΓÄ»
[3/7]ΓÄ»[22m[39m

[41m[1m FAIL [22m[49m s
rc/tests/smoke.test.jsx[2m
 > [22mProject Smoke 
Tests[2m > [22mrenders 
BlogsPage without crashing
[31m[1mTestingLibraryElem
entError[22m[39m: Unable 
to find an element with 
the text: /Blogs/i. This 
could be because the text 
is broken up by multiple 
elements. In this case, 
you can provide a function 
for your text matcher to 
make your matcher more 
flexible.

Ignored nodes: comments, 
script, style
[36m<body[39m
  [33mclass[39m=[32m"cus
tom-cursor-enabled"[39m
  [33mdata-aos-delay[39m=
[32m"0"[39m
  [33mdata-aos-duration[3
9m=[32m"1000"[39m
  [33mdata-aos-easing[39m
=[32m"ease-out-cubic"[39m
[36m>[39m
  [36m<div>[39m
    [36m<div[39m
      [33mclass[39m=[32m
"min-h-screen light 
bg-white dark:bg-[#030712] 
text-slate-900 
dark:text-white 
transition-colors 
duration-300 font-sans 
selection:bg-red-600 
selection:text-white"[39m
    [36m>[39m
      [36m<header[39m
        [33mclass[39m=[3
2m"fixed top-0 left-0 
right-0 z-[100] 
transition-all 
duration-700 bg-white/95 
dark:bg-[#030712]/95 
backdrop-blur-2xl 
shadow-2xl py-2"[39m
      [36m>[39m
        [36m<div[39m
          [33mclass[39m=
[32m"absolute top-0 left-0 
w-full h-[3px] 
bg-slate-100 
dark:bg-white/5 
overflow-hidden"[39m
        [36m>[39m
          [36m<div[39m
            [33mclass[39m
=[32m"h-full bg-red-600 
origin-left"[39m
            [33mstyle[39m
=[32m"transform: scaleX(0.
9709787307399075);"[39m
          [36m/>[39m
        [36m</div>[39m
        [36m<nav[39m
          [33mclass[39m=
[32m"max-w-[1600px] 
mx-auto px-6 lg:px-12 flex 
items-center 
justify-between 
relative"[39m
        [36m>[39m
          [36m<div[39m
            
[33mclass[39m=[32m"flex 
items-center gap-12"[39m
          [36m>[39m
            
[36m<button[39m
              
[33mclass[39m=[32m"flex 
items-center gap-4 group 
transition-colors 
text-slate-900 
dark:text-white"[39m
            [36m>[39m
              
[36m<div[39m
                [33mclass
[39m=[32m"relative 
overflow-hidden w-6 h-6 
flex flex-col 
justify-center 
gap-1.5"[39m
              [36m>[39m
                
[36m<span[39m
                  [33mclas
s[39m=[32m"h-0.5 w-6 
bg-current 
transition-transform 
duration-500 "[39m
                
[36m/>[39m
                
[36m<span[39m
                  [33mclas
s[39m=[32m"h-0.5 w-4 
bg-current 
transition-opacity 
duration-300 "[39m
                
[36m/>[39m
                
[36m<span[39m
                  [33mclas
s[39m=[32m"h-0.5 w-6 
bg-current 
transition-transform 
duration-500 "[39m
                
[36m/>[39m
              
[36m</div>[39m
              
[36m<span[39m
                [33mclass
[39m=[32m"hidden lg:block 
text-[10px] font-black 
uppercase tracking-[0.3em] 
group-hover:text-red-600 
transition-colors"[39m
              [36m>[39m
                [0mαñÅαñòα
Ñìαñ╕αñ¬αÑìαñ▓αÑïαñ░[0m
              
[36m</span>[39m
            
[36m</button>[39m
          [36m</div>[39m
          [36m<div[39m
            [33mclass[39m
=[32m"absolute left-1/2 
-translate-x-1/2"[39m
          [36m>[39m
            
[36m<button[39m
              [33mclass[3
9m=[32m"group flex 
items-center gap-2 
lg:gap-3"[39m
            [36m>[39m
              
[36m<div[39m
                
[33mclass[39m=[32m"w-8 
h-8 lg:w-9 lg:h-9 
bg-red-600 rounded 
lg:rounded-lg flex 
items-center 
justify-center text-white 
font-black text-sm 
lg:text-xl shadow-lg 
shadow-red-600/30"[39m
              [36m>[39m
                [0mM[0m
              
[36m</div>[39m
              
[36m<div[39m
                
[33mclass[39m=[32m"flex 
flex-col items-start 
leading-none"[39m
              [36m>[39m
                
[36m<h1[39m
                  [33mclas
s[39m=[32m"text-xl 
lg:text-2xl font-black 
tracking-tighter 
font-serif 
transition-colors 
whitespace-nowrap 
text-slate-900 
dark:text-white"[39m
                [36m>[39m
                  
[0mMITAAN EXPRESS[0m
                  
[36m<span[39m
                    [33mcl
ass[39m=[32m"text-red-600
"[39m
                  
[36m>[39m
                    
[0m.[0m
                  
[36m</span>[39m
                
[36m</h1>[39m
              
[36m</div>[39m
            
[36m</button>[39m
          [36m</div>[39m
          [36m<div[39m
            [33mclass[39m
=[32m"hidden lg:flex 
items-center gap-6 
lg:gap-10"[39m
          [36m>[39m
            
[36m<button[39m
              [33mclass[3
9m=[32m"text-[10px] 
font-black uppercase 
tracking-widest px-3 py-1 
border rounded-full 
transition-all 
text-slate-400 
border-slate-200 
hover:border-red-600 
hover:text-red-600"[39m
            [36m>[39m
              [0mHindi[0m
            
[36m</button>[39m
            
[36m<button[39m
              [33mclass[3
9m=[32m"transition-all 
hover:scale-110 
text-slate-400 
hover:text-red-600"[39m
            [36m>[39m
              
[36m<svg[39m
                [33mclass
[39m=[32m"lucide 
lucide-moon"[39m
                [33mfill[
39m=[32m"none"[39m
                [33mheight
[39m=[32m"20"[39m
                [33mstroke
[39m=[32m"currentColor"[
39m
                [33mstroke
-linecap[39m=[32m"round"
[39m
                [33mstroke
-linejoin[39m=[32m"round"
[39m
                [33mstroke
-width[39m=[32m"2"[39m
                
[33mviewBox[39m=[32m"0 
0 24 24"[39m
                [33mwidth
[39m=[32m"20"[39m
                [33mxmlns
[39m=[32m"http://www.w3.or
g/2000/svg"[39m
              [36m>[39m
                
[36m<path[39m
                  
[33md[39m=[32m"M12 3a6 
6 0 0 0 9 9 9 9 0 1 
1-9-9Z"[39m
                
[36m/>[39m
              
[36m</svg>[39m
            
[36m</button>[39m
            
[36m<button[39m
              
[33mclass[39m=[32m"px-4 
py-2 rounded-full 
font-bold text-sm 
transition-all bg-red-600 
text-white 
hover:bg-red-700 
shadow-lg"[39m
            [36m>[39m
              [0mLogin[0m
            
[36m</button>[39m
          [36m</div>[39m
        [36m</nav>[39m
      [36m</header>[39m
      [36m<main[39m
        [33mclass[39m=[3
2m"relative"[39m
      [36m>[39m
        [36m<div[39m
          [33mclass[39m=
[32m"min-h-screen flex 
items-center 
justify-center bg-white 
dark:bg-[#030712]"[39m
        [36m>[39m
          [36m<div[39m
            
[33mclass[39m=[32m"flex 
flex-col items-center 
gap-4"[39m
          [36m>[39m
            [36m<div[39m
              
[33mclass[39m=[32m"w-12 
h-12 border-4 
border-red-600 
border-t-transparent 
rounded-full 
animate-spin"[39m
            [36m/>[39m
            [36m<p[39m
              [33mclass[3
9m=[32m"text-slate-500 
font-medium 
animate-pulse"[39m
            [36m>[39m
              [0mLoading 
Articles...[0m
            [36m</p>[39m
          [36m</div>[39m
        [36m</div>[39m
      [36m</main>[39m
      [36m<footer[39m
        [33mclass[39m=[3
2m"relative bg-slate-200 
dark:bg-[#0f172a] 
text-slate-900 
dark:text-white pt-24 
pb-12 overflow-hidden 
border-t border-slate-300 
dark:border-white/10"[39m
      [36m>[39m
        [36m<div[39m
          [33mclass[39m=
[32m"absolute top-0 
right-0 w-[600px] 
h-[600px] bg-red-600/5 
rounded-full blur-[120px] 
translate-x-1/2 
-translate-y-1/2 
pointer-events-none"[39m
        [36m/>[39m
        [36m<div[39m
          [33mclass[39m=
[32m"absolute bottom-0 
left-0 w-[400px] h-[400px] 
bg-blue-600/5 rounded-full 
blur-[100px] 
-translate-x...

Ignored nodes: comments, 
script, style
[36m<html>[39m
  [36m<head>[39m
    [36m<title>[39m
      [0mBlog - Mitaan 
Express[0m
    [36m</title>[39m
  [36m</head>[39m
  [36m<body[39m
    [33mclass[39m=[32m"c
ustom-cursor-enabled"[39m
    [33mdata-aos-delay[39
m=[32m"0"[39m
    [33mdata-aos-duration
[39m=[32m"1000"[39m
    [33mdata-aos-easing[3
9m=[32m"ease-out-cubic"[3
9m
  [36m>[39m
    [36m<div>[39m
      [36m<div[39m
        [33mclass[39m=[3
2m"min-h-screen light 
bg-white dark:bg-[#030712] 
text-slate-900 
dark:text-white 
transition-colors 
duration-300 font-sans 
selection:bg-red-600 
selection:text-white"[39m
      [36m>[39m
        [36m<header[39m
          [33mclass[39m=
[32m"fixed top-0 left-0 
right-0 z-[100] 
transition-all 
duration-700 bg-white/95 
dark:bg-[#030712]/95 
backdrop-blur-2xl 
shadow-2xl py-2"[39m
        [36m>[39m
          [36m<div[39m
            [33mclass[39m
=[32m"absolute top-0 
left-0 w-full h-[3px] 
bg-slate-100 
dark:bg-white/5 
overflow-hidden"[39m
          [36m>[39m
            [36m<div[39m
              [33mclass[3
9m=[32m"h-full bg-red-600 
origin-left"[39m
              [33mstyle[3
9m=[32m"transform: scaleX(
0.9709787307399075);"[39m
            [36m/>[39m
          [36m</div>[39m
          [36m<nav[39m
            [33mclass[39m
=[32m"max-w-[1600px] 
mx-auto px-6 lg:px-12 flex 
items-center 
justify-between 
relative"[39m
          [36m>[39m
            [36m<div[39m
              
[33mclass[39m=[32m"flex 
items-center gap-12"[39m
            [36m>[39m
              
[36m<button[39m
                
[33mclass[39m=[32m"flex 
items-center gap-4 group 
transition-colors 
text-slate-900 
dark:text-white"[39m
              [36m>[39m
                
[36m<div[39m
                  [33mclas
s[39m=[32m"relative 
overflow-hidden w-6 h-6 
flex flex-col 
justify-center 
gap-1.5"[39m
                [36m>[39m
                  
[36m<span[39m
                    [33mcl
ass[39m=[32m"h-0.5 w-6 
bg-current 
transition-transform 
duration-500 "[39m
                  
[36m/>[39m
                  
[36m<span[39m
                    [33mcl
ass[39m=[32m"h-0.5 w-4 
bg-current 
transition-opacity 
duration-300 "[39m
                  
[36m/>[39m
                  
[36m<span[39m
                    [33mcl
ass[39m=[32m"h-0.5 w-6 
bg-current 
transition-transform 
duration-500 "[39m
                  
[36m/>[39m
                
[36m</div>[39m
                
[36m<span[39m
                  [33mclas
s[39m=[32m"hidden 
lg:block text-[10px] 
font-black uppercase 
tracking-[0.3em] 
group-hover:text-red-600 
transition-colors"[39m
                [36m>[39m
                  [0mαñÅαñ
òαÑìαñ╕αñ¬αÑìαñ▓αÑïαñ░[0m
                
[36m</span>[39m
              
[36m</button>[39m
            
[36m</div>[39m
            [36m<div[39m
              [33mclass[3
9m=[32m"absolute left-1/2 
-translate-x-1/2"[39m
            [36m>[39m
              
[36m<button[39m
                [33mclass
[39m=[32m"group flex 
items-center gap-2 
lg:gap-3"[39m
              [36m>[39m
                
[36m<div[39m
                  
[33mclass[39m=[32m"w-8 
h-8 lg:w-9 lg:h-9 
bg-red-600 rounded 
lg:rounded-lg flex 
items-center 
justify-center text-white 
font-black text-sm 
lg:text-xl shadow-lg 
shadow-red-600/30"[39m
                [36m>[39m
                  [0mM[0m
                
[36m</div>[39m
                
[36m<div[39m
                  
[33mclass[39m=[32m"flex 
flex-col items-start 
leading-none"[39m
                [36m>[39m
                  
[36m<h1[39m
                    [33mcl
ass[39m=[32m"text-xl 
lg:text-2xl font-black 
tracking-tighter 
font-serif 
transition-colors 
whitespace-nowrap 
text-slate-900 
dark:text-white"[39m
                  
[36m>[39m
                    
[0mMITAAN EXPRESS[0m
                    
[36m<span[39m
                      [33m
class[39m=[32m"text-red-6
00"[39m
                    
[36m>[39m
                      
[0m.[0m
                    
[36m</span>[39m
                  
[36m</h1>[39m
                
[36m</div>[39m
              
[36m</button>[39m
            
[36m</div>[39m
            [36m<div[39m
              [33mclass[3
9m=[32m"hidden lg:flex 
items-center gap-6 
lg:gap-10"[39m
            [36m>[39m
              
[36m<button[39m
                [33mclass
[39m=[32m"text-[10px] 
font-black uppercase 
tracking-widest px-3 py-1 
border rounded-full 
transition-all 
text-slate-400 
border-slate-200 
hover:border-red-600 
hover:text-red-600"[39m
              [36m>[39m
                
[0mHindi[0m
              
[36m</button>[39m
              
[36m<button[39m
                [33mclass
[39m=[32m"transition-all 
hover:scale-110 
text-slate-400 
hover:text-red-600"[39m
              [36m>[39m
                
[36m<svg[39m
                  [33mclas
s[39m=[32m"lucide 
lucide-moon"[39m
                  [33mfill
[39m=[32m"none"[39m
                  [33mheig
ht[39m=[32m"20"[39m
                  [33mstro
ke[39m=[32m"currentColor"
[39m
                  [33mstro
ke-linecap[39m=[32m"round
"[39m
                  [33mstro
ke-linejoin[39m=[32m"roun
d"[39m
                  [33mstro
ke-width[39m=[32m"2"[39m
                  
[33mviewBox[39m=[32m"0 
0 24 24"[39m
                  [33mwidt
h[39m=[32m"20"[39m
                  [33mxmln
s[39m=[32m"http://www.w3.
org/2000/svg"[39m
                [36m>[39m
                  
[36m<path[39m
                    
[33md[39m=[32m"M12 3a6 
6 0 0 0 9 9 9 9 0 1 
1-9-9Z"[39m
                  
[36m/>[39m
                
[36m</svg>[39m
              
[36m</button>[39m
              
[36m<button[39m
                
[33mclass[39m=[32m"px-4 
py-2 rounded-full 
font-bold text-sm 
transition-all bg-red-600 
text-white 
hover:bg-red-700 
shadow-lg"[39m
              [36m>[39m
                
[0mLogin[0m
              
[36m</button>[39m
            
[36m</div>[39m
          [36m</nav>[39m
        [36m</header>[39m
        [36m<main[39m
          [33mclass[39m=
[32m"relative"[39m
        [36m>[39m
          [36m<div[39m
            [33mclass[39m
=[32m"min-h-screen flex 
items-center 
justify-center bg-white 
dark:bg-[#030712]"[39m
          [36m>[39m
            [36m<div[39m
              
[33mclass[39m=[32m"flex 
flex-col items-center 
gap-4"[39m
            [36m>[39m
              
[36m<div[39m
                
[33mclass[39m=[32m"w-12 
h-12 border-4 
border-red-600 
border-t-transparent 
rounded-full 
animate-spin"[39m
              [36m/>[39m
              [36m<p[39m
                [33mclass
[39m=[32m"text-slate-500 
font-medium 
animate-pulse"[39m
              [36m>[39m
                
[0mLoading Articles...[0m
              
[36m</p>[39m
            
[36m</div>[39m
          [36m</div>[39m
        [36m</main>[39m
        [36m<footer[39m
          [33mclass[39m=
[32m"relative bg-slate-200 
dark:bg-[#0f172a] 
text-slate-900 
dark:text-white pt-24 
pb-12 overflow-hidden 
border-t border-slate-300 
dark:bo...
[90m [2mΓ¥»[22m 
waitForWrapper node_modules
/@testing-library/dom/dist/
wait-for.js:[2m163:27[22m
[39m
[36m [2mΓ¥»[22m src/test
s/smoke.test.jsx:[2m80:15
[22m[39m
    [90m 78| [39m    
[34mit[39m([32m'renders 
BlogsPage without 
crashing'[39m[33m,[39m 
[35masync[39m () 
[33m=>[39m {
    [90m 79| [39m        
[34mrenderWithProviders[3
9m([33m<[39m[33mApp[39m
 [33m/[39m[33m>[39m[33
m,[39m { route[33m:[39m 
[32m'/blogs'[39m 
})[33m;[39m
    [90m 80| [39m        
[35mawait[39m 
[34mwaitFor[39m(() 
[33m=>[39m {
    [90m   | [39m        
      [31m^[39m
    [90m 81| [39m        
    [34mexpect[39m(screen
[33m.[39m[34mgetByText[
39m([36m/Blogs/i[39m))[3
3m.[39m[34mtoBeInTheDocum
ent[39m()[33m;[39m
    [90m 82| [39m        
})[33m;[39m

[31m[2mΓÄ»ΓÄ»ΓÄ»ΓÄ»ΓÄ»ΓÄ»
ΓÄ»ΓÄ»ΓÄ»ΓÄ»ΓÄ»ΓÄ»ΓÄ»ΓÄ»ΓÄ»
ΓÄ»ΓÄ»ΓÄ»ΓÄ»ΓÄ»ΓÄ»ΓÄ»ΓÄ»ΓÄ»
[4/7]ΓÄ»[22m[39m

[41m[1m FAIL [22m[49m s
rc/tests/smoke.test.jsx[2m
 > [22mProject Smoke 
Tests[2m > [22mrenders 
LoginPage (Admin Entry) 
without crashing
[31m[1mTestingLibraryElem
entError[22m[39m: Unable 
to find an element with 
the placeholder text of: 
/email/i

Ignored nodes: comments, 
script, style
[36m<body[39m
  [33mclass[39m=[32m""[
39m
  [33mdata-aos-delay[39m=
[32m"0"[39m
  [33mdata-aos-duration[3
9m=[32m"1000"[39m
  [33mdata-aos-easing[39m
=[32m"ease-out-cubic"[39m
[36m>[39m
  [36m<div>[39m
    [36m<div[39m
      [33mclass[39m=[32m
"min-h-screen light 
bg-white dark:bg-[#030712] 
text-slate-900 
dark:text-white 
transition-colors 
duration-300 font-sans 
selection:bg-red-600 
selection:text-white"[39m
    [36m>[39m
      [36m<main[39m
        [33mclass[39m=[3
2m"relative"[39m
      [36m>[39m
        [36m<div[39m
          [33mclass[39m=
[32m"min-h-screen flex 
items-center 
justify-center bg-slate-50 
dark:bg-slate-900 
transition-colors 
duration-300"[39m
        [36m>[39m
          [36m<div[39m
            [33mclass[39m
=[32m"absolute top-6 
right-6"[39m
          [36m>[39m
            
[36m<button[39m
              
[33mclass[39m=[32m"p-3 
bg-white dark:bg-slate-800 
rounded-full shadow-lg 
text-slate-900 
dark:text-white 
hover:scale-110 
transition-transform"[39m
            [36m>[39m
              
[36m<svg[39m
                [33mclass
[39m=[32m"lucide 
lucide-moon"[39m
                [33mfill[
39m=[32m"none"[39m
                [33mheight
[39m=[32m"20"[39m
                [33mstroke
[39m=[32m"currentColor"[
39m
                [33mstroke
-linecap[39m=[32m"round"
[39m
                [33mstroke
-linejoin[39m=[32m"round"
[39m
                [33mstroke
-width[39m=[32m"2"[39m
                
[33mviewBox[39m=[32m"0 
0 24 24"[39m
                [33mwidth
[39m=[32m"20"[39m
                [33mxmlns
[39m=[32m"http://www.w3.or
g/2000/svg"[39m
              [36m>[39m
                
[36m<path[39m
                  
[33md[39m=[32m"M12 3a6 
6 0 0 0 9 9 9 9 0 1 
1-9-9Z"[39m
                
[36m/>[39m
              
[36m</svg>[39m
            
[36m</button>[39m
          [36m</div>[39m
          [36m<form[39m
            [33mclass[39m
=[32m"bg-white 
dark:bg-slate-800 p-8 
lg:p-12 rounded-3xl 
shadow-2xl w-full max-w-md 
space-y-8 backdrop-blur-sm 
border border-slate-100 
dark:border-white/5 
relative 
overflow-hidden"[39m
          [36m>[39m
            [36m<div[39m
              [33mclass[3
9m=[32m"absolute top-0 
left-0 w-full h-2 
bg-gradient-to-r 
from-red-600 
to-orange-500"[39m
            [36m/>[39m
            [36m<div[39m
              [33mclass[3
9m=[32m"text-center 
space-y-2"[39m
            [36m>[39m
              [36m<h1[39m
                [33mclass
[39m=[32m"text-3xl 
font-black text-slate-900 
dark:text-white uppercase 
tracking-tighter"[39m
              [36m>[39m
                [0mAdmin 
Portal[0m
              
[36m</h1>[39m
              [36m<p[39m
                [33mclass
[39m=[32m"text-slate-500 
dark:text-slate-400"[39m
              [36m>[39m
                [0mEnter 
your credentials to access 
the panel[0m
              
[36m</p>[39m
            
[36m</div>[39m
            [36m<div[39m
              [33mclass[3
9m=[32m"space-y-6"[39m
            [36m>[39m
              
[36m<div>[39m
                
[36m<label[39m
                  [33mclas
s[39m=[32m"block text-xs 
font-bold uppercase 
text-slate-500 mb-2"[39m
                [36m>[39m
                  
[0mEmail Address[0m
                
[36m</label>[39m
                
[36m<input[39m
                  [33mclas
s[39m=[32m"w-full p-4 
bg-slate-50 
dark:bg-slate-900/50 
dark:text-white rounded-xl 
outline-none focus:ring-2 
ring-red-600 border 
border-transparent 
transition-all"[39m
                  [33mplac
eholder[39m=[32m"admin@ex
ample.com"[39m
                  [33mrequ
ired[39m=[32m""[39m
                  [33mtype
[39m=[32m"email"[39m
                  [33mvalu
e[39m=[32m""[39m
                
[36m/>[39m
              
[36m</div>[39m
              
[36m<div>[39m
                
[36m<label[39m
                  [33mclas
s[39m=[32m"block text-xs 
font-bold uppercase 
text-slate-500 mb-2"[39m
                [36m>[39m
                  
[0mPassword[0m
                
[36m</label>[39m
                
[36m<input[39m
                  [33mclas
s[39m=[32m"w-full p-4 
bg-slate-50 
dark:bg-slate-900/50 
dark:text-white rounded-xl 
outline-none focus:ring-2 
ring-red-600 border 
border-transparent 
transition-all"[39m
                  [33mplac
eholder[39m=[32m"ΓÇóΓÇóΓÇ
óΓÇóΓÇóΓÇóΓÇóΓÇó"[39m
                  [33mrequ
ired[39m=[32m""[39m
                  [33mtype
[39m=[32m"password"[39m
                  [33mvalu
e[39m=[32m""[39m
                
[36m/>[39m
              
[36m</div>[39m
            
[36m</div>[39m
            
[36m<button[39m
              [33mclass[3
9m=[32m"w-full py-4 
bg-red-600 text-white 
font-bold rounded-xl 
hover:bg-red-700 
transition-all shadow-lg 
shadow-red-600/30 
disabled:opacity-50 disable
d:cursor-not-allowed flex 
items-center 
justify-center gap-2"[39m
              [33mtype[39
m=[32m"submit"[39m
            [36m>[39m
              [0mSign 
In[0m
            
[36m</button>[39m
          [36m</form>[39m
        [36m</div>[39m
      [36m</main>[39m
    [36m</div>[39m
  [36m</div>[39m
[36m</body>[39m

Ignored nodes: comments, 
script, style
[36m<html>[39m
  [36m<head>[39m
    [36m<title>[39m
      [0mBlog - Mitaan 
Express[0m
    [36m</title>[39m
  [36m</head>[39m
  [36m<body[39m
    [33mclass[39m=[32m""
[39m
    [33mdata-aos-delay[39
m=[32m"0"[39m
    [33mdata-aos-duration
[39m=[32m"1000"[39m
    [33mdata-aos-easing[3
9m=[32m"ease-out-cubic"[3
9m
  [36m>[39m
    [36m<div>[39m
      [36m<div[39m
        [33mclass[39m=[3
2m"min-h-screen light 
bg-white dark:bg-[#030712] 
text-slate-900 
dark:text-white 
transition-colors 
duration-300 font-sans 
selection:bg-red-600 
selection:text-white"[39m
      [36m>[39m
        [36m<main[39m
          [33mclass[39m=
[32m"relative"[39m
        [36m>[39m
          [36m<div[39m
            [33mclass[39m
=[32m"min-h-screen flex 
items-center 
justify-center bg-slate-50 
dark:bg-slate-900 
transition-colors 
duration-300"[39m
          [36m>[39m
            [36m<div[39m
              [33mclass[3
9m=[32m"absolute top-6 
right-6"[39m
            [36m>[39m
              
[36m<button[39m
                
[33mclass[39m=[32m"p-3 
bg-white dark:bg-slate-800 
rounded-full shadow-lg 
text-slate-900 
dark:text-white 
hover:scale-110 
transition-transform"[39m
              [36m>[39m
                
[36m<svg[39m
                  [33mclas
s[39m=[32m"lucide 
lucide-moon"[39m
                  [33mfill
[39m=[32m"none"[39m
                  [33mheig
ht[39m=[32m"20"[39m
                  [33mstro
ke[39m=[32m"currentColor"
[39m
                  [33mstro
ke-linecap[39m=[32m"round
"[39m
                  [33mstro
ke-linejoin[39m=[32m"roun
d"[39m
                  [33mstro
ke-width[39m=[32m"2"[39m
                  
[33mviewBox[39m=[32m"0 
0 24 24"[39m
                  [33mwidt
h[39m=[32m"20"[39m
                  [33mxmln
s[39m=[32m"http://www.w3.
org/2000/svg"[39m
                [36m>[39m
                  
[36m<path[39m
                    
[33md[39m=[32m"M12 3a6 
6 0 0 0 9 9 9 9 0 1 
1-9-9Z"[39m
                  
[36m/>[39m
                
[36m</svg>[39m
              
[36m</button>[39m
            
[36m</div>[39m
            [36m<form[39m
              [33mclass[3
9m=[32m"bg-white 
dark:bg-slate-800 p-8 
lg:p-12 rounded-3xl 
shadow-2xl w-full max-w-md 
space-y-8 backdrop-blur-sm 
border border-slate-100 
dark:border-white/5 
relative 
overflow-hidden"[39m
            [36m>[39m
              
[36m<div[39m
                [33mclass
[39m=[32m"absolute top-0 
left-0 w-full h-2 
bg-gradient-to-r 
from-red-600 
to-orange-500"[39m
              [36m/>[39m
              
[36m<div[39m
                [33mclass
[39m=[32m"text-center 
space-y-2"[39m
              [36m>[39m
                
[36m<h1[39m
                  [33mclas
s[39m=[32m"text-3xl 
font-black text-slate-900 
dark:text-white uppercase 
tracking-tighter"[39m
                [36m>[39m
                  
[0mAdmin Portal[0m
                
[36m</h1>[39m
                
[36m<p[39m
                  [33mclas
s[39m=[32m"text-slate-500
 dark:text-slate-400"[39m
                [36m>[39m
                  
[0mEnter your credentials 
to access the panel[0m
                
[36m</p>[39m
              
[36m</div>[39m
              
[36m<div[39m
                [33mclass
[39m=[32m"space-y-6"[39m
              [36m>[39m
                
[36m<div>[39m
                  
[36m<label[39m
                    [33mcl
ass[39m=[32m"block 
text-xs font-bold 
uppercase text-slate-500 
mb-2"[39m
                  
[36m>[39m
                    
[0mEmail Address[0m
                  
[36m</label>[39m
                  
[36m<input[39m
                    [33mcl
ass[39m=[32m"w-full p-4 
bg-slate-50 
dark:bg-slate-900/50 
dark:text-white rounded-xl 
outline-none focus:ring-2 
ring-red-600 border 
border-transparent 
transition-all"[39m
                    [33mpl
aceholder[39m=[32m"admin@
example.com"[39m
                    [33mre
quired[39m=[32m""[39m
                    [33mty
pe[39m=[32m"email"[39m
                    [33mva
lue[39m=[32m""[39m
                  
[36m/>[39m
                
[36m</div>[39m
                
[36m<div>[39m
                  
[36m<label[39m
                    [33mcl
ass[39m=[32m"block 
text-xs font-bold 
uppercase text-slate-500 
mb-2"[39m
                  
[36m>[39m
                    
[0mPassword[0m
                  
[36m</label>[39m
                  
[36m<input[39m
                    [33mcl
ass[39m=[32m"w-full p-4 
bg-slate-50 
dark:bg-slate-900/50 
dark:text-white rounded-xl 
outline-none focus:ring-2 
ring-red-600 border 
border-transparent 
transition-all"[39m
                    [33mpl
aceholder[39m=[32m"ΓÇóΓÇó
ΓÇóΓÇóΓÇóΓÇóΓÇóΓÇó"[39m
                    [33mre
quired[39m=[32m""[39m
                    [33mty
pe[39m=[32m"password"[39
m

                    [33mva
lue[39m=[32m""[39m
                  
[36m/>[39m
                
[36m</div>[39m
              
[36m</div>[39m
              
[36m<button[39m
                [33mclass
[39m=[32m"w-full py-4 
bg-red-600 text-white 
font-bold rounded-xl 
hover:bg-red-700 
transition-all shadow-lg 
shadow-red-600/30 
disabled:opacity-50 disable
d:cursor-not-allowed flex 
items-center 
justify-center gap-2"[39m
                [33mtype[
39m=[32m"submit"[39m
              [36m>[39m
                [0mSign 
In[0m
              
[36m</button>[39m
            
[36m</form>[39m
          [36m</div>[39m
        [36m</main>[39m
      [36m</div>[39m
[2m Test Files [22m [1m[31m2 failed[39m[22m[2m | [22m[1m[32m3 passed[39m[22m[90m (5)[39m
[2m      Tests [22m [1m[31m7 failed[39m[22m[2m | [22m[1m[32m18 passed[39m[22m[90m (25)[39m
[2m     Errors [22m [1m[31m1 error[39m[22m
[2m   Start at [22m 16:26:24
[2m   Duration [22m 6.45s[2m (transform 907ms, setup 1.35s, import 2.06s, tests 5.20s, environment 4.64s)[22m

    [36m</div>[39m
  [36m</body>[39m
[36m</html>[39m
[90m [2mΓ¥»[22m 
waitForWrapper node_modules
/@testing-library/dom/dist/
wait-for.js:[2m163:27[22m
[39m
[36m [2mΓ¥»[22m src/test
s/smoke.test.jsx:[2m87:15
[22m[39m
    [90m 85| [39m    
it('renders LoginPage 
(Admin Entry) without 
crashing', async () =>ΓÇª
    [90m 86| [39m        
[34mrenderWithProviders[3
9m([33m<[39m[33mApp[39m
 [33m/[39m[33m>[39m[33
m,[39m { route[33m:[39m 
[32m'/admin/login'[39m 
})[33m;[39m
    [90m 87| [39m        
[35mawait[39m 
[34mwaitFor[39m(() 
[33m=>[39m {
    [90m   | [39m        
      [31m^[39m
    [90m 88| [39m        
    [90m// Check for 
login related elements[39m
    [90m 89| [39m        
    expect(screen.getByPlac
eholderText(/email/i)).toBe
InTheDocΓÇª

[31m[2mΓÄ»ΓÄ»ΓÄ»ΓÄ»ΓÄ»ΓÄ»
ΓÄ»ΓÄ»ΓÄ»ΓÄ»ΓÄ»ΓÄ»ΓÄ»ΓÄ»ΓÄ»
ΓÄ»ΓÄ»ΓÄ»ΓÄ»ΓÄ»ΓÄ»ΓÄ»ΓÄ»ΓÄ»
[5/7]ΓÄ»[22m[39m

[31mΓÄ»ΓÄ»ΓÄ»ΓÄ»ΓÄ»ΓÄ»[39
m[1m[41m Unhandled 
Errors [49m[22m[31mΓÄ»ΓÄ
»ΓÄ»ΓÄ»ΓÄ»ΓÄ»[39m
[31m[1m
Vitest caught 1 unhandled 
error during the test run.
This might cause false 
positive tests. Resolve 
unhandled errors to make 
sure your tests are not 
affected.[22m[39m

[31mΓÄ»ΓÄ»ΓÄ»ΓÄ»ΓÄ»[39m[
1m[41m Uncaught Exception 
[49m[22m[31mΓÄ»ΓÄ»ΓÄ»ΓÄ»
ΓÄ»[39m
[31m[1mTypeError[22m: 
() => ({
  observe: () => null,
  unobserve: () => null,
  disconnect: () => null
}) is not a 
constructor[39m
[90m [2mΓ¥»[22m new 
Mock node_modules/@vitest/s
py/dist/index.js:[2m262:27
[22m[39m
[90m [2mΓ¥»[22m 
initIntersectionObserver no
de_modules/framer-motion/di
st/es/motion/features/viewp
ort/observers.mjs:[2m35:30
[22m[39m
[90m [2mΓ¥»[22m 
observeIntersection node_mo
dules/framer-motion/dist/es
/motion/features/viewport/o
bservers.mjs:[2m40:39[22m
[39m
[90m [2mΓ¥»[22m InViewFe
ature.startObserver node_mo
dules/framer-motion/dist/es
/motion/features/viewport/i
ndex.mjs:[2m52:16[22m[39
m
[90m [2mΓ¥»[22m 
InViewFeature.mount node_mo
dules/framer-motion/dist/es
/motion/features/viewport/i
ndex.mjs:[2m55:14[22m[39
m
[90m [2mΓ¥»[22m HTMLVisu
alElement.updateFeatures no
de_modules/framer-motion/di
st/es/render/VisualElement.
mjs:[2m262:29[22m[39m
[90m [2mΓ¥»[22m node_mod
ules/framer-motion/dist/es/
motion/utils/use-visual-ele
ment.mjs:[2m70:23[22m[39
m
[90m [2mΓ¥»[22m 
commitHookEffectListMount n
ode_modules/react-dom/cjs/r
eact-dom.development.js:[2
m23189:26[22m[39m
[90m [2mΓ¥»[22m safelyCa
llCommitHookLayoutEffectLis
tMount node_modules/react-d
om/cjs/react-dom.developmen
t.js:[2m22903:5[22m[39m
[90m [2mΓ¥»[22m reappear
LayoutEffectsOnFiber node_m
odules/react-dom/cjs/react-
dom.development.js:[2m2356
4:11[22m[39m

[31mThis error originated 
in "[1msrc/tests/smoke.tes
t.jsx[22m" test file. It 
doesn't mean the error was 
thrown inside the file 
itself, but while it was 
running.[39m
[31mThe latest test that 
might've caused the error 
is "[1mrenders AboutPage 
without crashing[22m". It 
might mean one of the 
following:
- The error was thrown, 
while Vitest was running 
this test.
- If the error occurred 
after the test had been 
completed, this was the 
last documented test 
before it was thrown.[39m
[31mΓÄ»ΓÄ»ΓÄ»ΓÄ»ΓÄ»ΓÄ»ΓÄ»Γ
Ä»ΓÄ»ΓÄ»ΓÄ»ΓÄ»ΓÄ»ΓÄ»ΓÄ»ΓÄ»Γ
Ä»ΓÄ»ΓÄ»ΓÄ»ΓÄ»ΓÄ»ΓÄ»ΓÄ»ΓÄ»Γ
Ä»ΓÄ»ΓÄ»ΓÄ»ΓÄ»[39m

